tool		CPAchecker trunk:18107	CPAchecker trunk:18107	CPAchecker trunk:18107	CPAchecker trunk:18107	CPAchecker trunk:18107	CPAchecker trunk:18107	CPAchecker trunk:18107	CPAchecker trunk:18107	CPAchecker trunk:18107	CPAchecker 1.4-svn 24ecead+	CPAchecker 1.4-svn 24ecead+	CPAchecker 1.4-svn 24ecead+	CPAchecker 1.4-svn 24ecead+	CPAchecker 1.4-svn 18152M	CPAchecker 1.4-svn 18152M	CPAchecker 1.4-svn 18152M	CPAchecker 1.4-svn 18152M	CPAchecker 1.4-svn 18152M
run set		integration-predicateAnalysis	integration-predicateAnalysis	integration-predicateAnalysis	integration-predicateAnalysis	integration-predicateAnalysis	integration-predicateAnalysis	integration-predicateAnalysis	integration-predicateAnalysis	integration-predicateAnalysis	integration-predicateAnalysis	integration-predicateAnalysis	integration-predicateAnalysis	integration-predicateAnalysis	integration-predicateAnalysis	integration-predicateAnalysis	integration-predicateAnalysis	integration-predicateAnalysis	integration-predicateAnalysis
test/programs/		status	cputime (s)	walltime (s)	memUsage	host	energy-uncore	energy-external	energy-cpu	energy-core	status	cputime (s)	walltime (s)	memUsage	status	cputime (s)	walltime (s)	memUsage	host
benchmarks/ntdrivers/floppy_true-unreach-call.i.cil.c	unreach-call	true	43.390031517	26.8174729347	745852928	zeus03					TIMEOUT	62.862151089	62.8372449875	700772352	TIMEOUT	62.517222762	38.0683560371	717180928	node-11
benchmarks/ssh/s3_srvr.blast.08_false-unreach-call.i.cil.c	unreach-call	false(reach)	47.163033008	30.4609560966	691007488	node-10					TIMEOUT	61.916739245	65.195276022	668643328	TIMEOUT	61.206533808	41.4847729206	674009088	node-22
benchmarks/ssh/s3_srvr.blast.14_false-unreach-call.i.cil.c	unreach-call	false(reach)	22.34712855	12.6028990746	648540160	node-21					TIMEOUT	62.123385048	62.082777977	636485632	false(reach)	39.807040074	29.0270659924	650956800	node-22
benchmarks/ssh/s3_srvr.blast.06_true-unreach-call.i.cil.c	unreach-call	true	34.093886968	24.5921261311	679198720	zeus13					TIMEOUT	61.930798691	61.890599966	667783168	TIMEOUT	61.733919279	56.4182701111	693600256	node-22
benchmarks/ssh/s3_srvr.blast.07_true-unreach-call.i.cil.c	unreach-call	true	56.890214394	43.3107659817	707047424	node-20					TIMEOUT	61.864650227	61.8334460258	678793216	TIMEOUT	61.55018587	55.7493219376	699994112	node-01
benchmarks/ssh/s3_srvr.blast.08_true-unreach-call.i.cil.c	unreach-call	true	52.181725645	38.1351399422	835268608	forelle					TIMEOUT	62.67284672	63.1060578823	680706048	TIMEOUT	61.834404178	40.054805994	693657600	node-15
benchmarks/ssh/s3_srvr.blast.09_true-unreach-call.i.cil.c	unreach-call	true	43.434314115	30.9122700691	698036224	zeus11					TIMEOUT	62.347391926	62.3154871464	666509312	true	59.355673518	45.6343801022	716263424	node-17
benchmarks/ssh/s3_srvr.blast.10_true-unreach-call.i.cil.c	unreach-call	true	33.342887632	21.524533987	685969408	zeus12					TIMEOUT	62.157295738	62.1179029942	682831872	TIMEOUT	61.767317058	51.8990330696	691638272	node-02
benchmarks/ssh/s3_srvr.blast.15_true-unreach-call.i.cil.c	unreach-call	true	45.887663681	32.7355589867	743567360	zeus14					TIMEOUT	62.761824867	65.6147389412	688562176	TIMEOUT	61.527745016	48.5883278847	705114112	node-19
benchmarks/ssh/s3_srvr.blast.16_true-unreach-call.i.cil.c	unreach-call	true	34.041362325	22.4315199852	679632896	zeus04					TIMEOUT	62.726275846	62.6921789646	670253056	TIMEOUT	61.607509564	61.7617359161	683630592	node-02
benchmarks/ssh-simplified/s3_clnt_1_true-unreach-call.cil.c	unreach-call	true	36.329224556	22.3152179718	684707840	node-25					true	59.565916405	59.5543670654	669327360	TIMEOUT	62.50992838	39.5533840656	716038144	node-06
benchmarks/ssh-simplified/s3_srvr_2_true-unreach-call.cil.c	unreach-call	true	57.243340247	37.5951650143	687136768	mt-farm03					TIMEOUT	62.095140275	65.0841920376	676503552	true	49.430148773	28.4081687927	692408320	node-25
benchmarks/ssh-simplified/s3_srvr_3_true-unreach-call.cil.c	unreach-call	true	40.128624222	27.3078360558	688074752	zeus04					TIMEOUT	61.991403739	61.9505589008	667787264	TIMEOUT	61.720870206	42.1510901451	680534016	node-08
benchmarks/ssh-simplified/s3_srvr_4_true-unreach-call.cil.c	unreach-call	true	50.454374234	37.8615019321	717881344	zeus18					TIMEOUT	62.085554218	62.0425200462	683421696	TIMEOUT	61.38940306	56.0793600082	678088704	node-01
benchmarks/loops/eureka_01_false-unreach-call.i	unreach-call	false(reach)	34.499723108	20.589646101	719941632	zeus04					TIMEOUT	62.026935835	64.3950481415	666464256	TIMEOUT	62.749556913	49.296339035	682786816	node-16
benchmarks/systemc/token_ring.05_false-unreach-call_false-termination.cil.c	unreach-call	TIMEOUT	61.207730758	42.7149319649	652234752	mt-farm02					TIMEOUT	62.625117597	62.5873301029	650989568	false(reach)	27.999090066	17.5797650814	673067008	node-24
benchmarks/systemc/token_ring.06_false-unreach-call_false-termination.cil.c	unreach-call	false(reach)	43.171008047	29.8398890495	676511744	node-08					TIMEOUT	62.397165789	62.3558721542	661164032	false(reach)	42.886970599	30.0543930531	680189952	node-13
benchmarks/systemc/token_ring.14_false-unreach-call_false-termination.cil.c	unreach-call										TIMEOUT	63.04812737	63.0056190491	667652096	TIMEOUT	60.86131718	46.8828160763	739573760	node-24
benchmarks/systemc/toy1_false-unreach-call_false-termination.cil.c	unreach-call	false(reach)	46.429610493	29.1684877872	692494336	node-21					TIMEOUT	61.921534841	61.8819320202	663068672	TIMEOUT	61.536075609	41.019436121	670289920	node-18
benchmarks/systemc/toy2_false-unreach-call_false-termination.cil.c	unreach-call	false(reach)	19.313251409	12.2289731503	758128640	cayman4	4172	0	229057316	-2596607	TIMEOUT	62.176786366	65.4594039917	650436608	false(reach)	36.304958307	23.4497148991	689537024	node-24
benchmarks/systemc/transmitter.08_false-unreach-call_false-termination.cil.c	unreach-call	false(reach)	26.538390169	16.7040510178	685957120	node-02					false(reach)	49.133817049	50.6993129253	679972864	TIMEOUT	62.532443199	42.4395959377	685940736	node-06
benchmarks/systemc/transmitter.09_false-unreach-call_false-termination.cil.c	unreach-call	TIMEOUT	61.947169269	42.3385908604	662192128	mt-farm02					false(reach)	55.273649172	55.2385179996	682426368	TIMEOUT	63.302795849	60.4716920853	694886400	node-07
benchmarks/systemc/transmitter.10_false-unreach-call_false-termination.cil.c	unreach-call	false(reach)	44.787107704	30.3506259918	696905728	node-09					TIMEOUT	62.464504471	62.4318828583	673005568	false(reach)	46.78354864	30.2234120369	685371392	node-25
benchmarks/systemc/transmitter.12_false-unreach-call_false-termination.cil.c	unreach-call	false(reach)	34.048886331	25.6428880692	803643392	barbe					TIMEOUT	62.077275633	62.0396270752	687407104	TIMEOUT	61.125345981	47.1642358303	731099136	node-13
benchmarks/systemc/kundu_true-unreach-call_false-termination.cil.c	unreach-call										TIMEOUT	62.25956513	62.5957508087	671936512	TIMEOUT	61.812785894	42.1178600788	693088256	node-02
benchmarks/systemc/mem_slave_tlm.1_true-unreach-call_false-termination.cil.c	unreach-call	true	41.390916058	27.6554381847	691638272	node-21					TIMEOUT	62.494884587	62.4577040672	675377152	true	38.581019696	21.4834039211	697462784	node-24
benchmarks/systemc/token_ring.02_true-unreach-call_false-termination.cil.c	unreach-call	true	47.696902991	43.8562059402	705830912	node-21					TIMEOUT	61.761817389	61.7295780182	659243008	true	45.642058652	32.6236400604	707764224	node-24
benchmarks/ldv-linux-3.0/module_get_put-drivers-block-drbd-drbd.ko_false-unreach-call.cil.out.i.pp.cil.c	unreach-call	false(reach)	38.460634138	21.9529500008	846036992	node-08					TIMEOUT	63.468372046	63.4290680885	836141056	false(reach)	38.360289951	21.1779129505	842797056	node-25
benchmarks/ldv-linux-3.0/module_get_put-drivers-block-drbd-drbd.ko_true-unreach-call.cil.out.i.pp.cil.c	unreach-call	true	58.604363717	31.9224431515	906944512	node-18					TIMEOUT	62.674300146	62.6342949867	831074304	TIMEOUT	62.339040577	40.1534180641	840892416	node-10
benchmarks/ldv-linux-3.0/usb_urb-drivers-usb-misc-iowarrior.ko_false-unreach-call.cil.out.i.pp.cil.c	unreach-call	false(reach)	29.775056015	16.3023600578	661975040	node-02					false(reach)	54.224355003	54.1917741299	650620928	TIMEOUT	62.048459161	37.6328577995	659800064	node-06
benchmarks/ldv-linux-3.0/module_get_put-drivers-bluetooth-btmrvl.ko_true-unreach-call.cil.out.i.pp.cil.c	unreach-call	TIMEOUT	62.539270768	39.1794650555	660729856	mt-farm02					true	42.569608235	42.5478601456	645898240	true	47.877196824	44.2354118824	672198656	node-23
benchmarks/ldv-linux-3.0/module_get_put-drivers-hwmon-it87.ko_true-unreach-call.cil.out.i.pp.cil.c	unreach-call	true	27.487338585	16.173789978	708272128	zeus10					TIMEOUT	60.792953562	60.7634007931	704716800	TIMEOUT	61.850932307	48.537801981	707088384	node-05
benchmarks/ldv-linux-3.0/module_get_put-drivers-net-sis900.ko_true-unreach-call.cil.out.i.pp.cil.c	unreach-call	true	37.96653979	22.0440940857	993419264	cs-sel-06					TIMEOUT	65.803996381	65.7589430809	805560320	TIMEOUT	62.345037281	59.269546032	791384064	node-07