<table id="dataTable">
<thead>
  <tr id="tool" class="tool collapsable-header">
<td colspan="2">Tool</td>
<td colspan="16">CPAchecker 1.4-svn 15944M</td>
<td colspan="16">CPAchecker 1.4-svn 15986M</td>
</tr>
  <tr id="limits" class="limits collapsable-header">
<td colspan="2">Limits</td>
<td colspan="32">timelimit: 10 s, memlimit: 3000 MB, CPU core limit: 1</td>
</tr>
  <tr id="host" class="host collapsable-header">
<td colspan="2">Host</td>
<td colspan="32">tortuga</td>
</tr>
  <tr id="os" class="os collapsable-header">
<td colspan="2">OS</td>
<td colspan="32">Linux 3.13.0-45-generic x86_64</td>
</tr>
  <tr id="system" class="system collapsable-header">
<td colspan="2">System</td>
<td colspan="32">CPU: Intel Core i7-2600 CPU @ 3.40GHz, cores: 8, frequency: 3401 MHz; RAM: 16389384 kB</td>
</tr>
  <tr id="date" class="date collapsable-header">
<td colspan="2">Date of execution</td>
<td colspan="16">2015-03-03 16:13:02 CET</td>
<td colspan="16">2015-03-03 18:15:20 CET</td>
</tr>
  <tr id="run" class="run ">
<td colspan="2">Run set</td>
<td colspan="8">predicateAnalysis</td>
<td colspan="8">valueAnalysis</td>
<td colspan="8">predicateAnalysis</td>
<td colspan="8">valueAnalysis</td>
</tr>
  <tr id="options" class="options collapsable-header">
<td colspan="2">Options</td>
<td colspan="8"><span style="display:block">-noout</span><span style="display:block"> -setprop log.consoleLevel=WARNING</span><span style="display:block"> -predicateAnalysis</span></td>
<td colspan="8"><span style="display:block">-noout</span><span style="display:block"> -setprop log.consoleLevel=WARNING</span><span style="display:block"> -valueAnalysis</span></td>
<td colspan="8"><span style="display:block">-noout</span><span style="display:block"> -setprop log.consoleLevel=WARNING</span><span style="display:block"> -predicateAnalysis</span></td>
<td colspan="8"><span style="display:block">-noout</span><span style="display:block"> -setprop log.consoleLevel=WARNING</span><span style="display:block"> -valueAnalysis</span></td>
</tr>
  <tr id="columnTitles" class="columnTitles ">
<td colspan="2"></td>
<td colspan="1">status</td>
<td colspan="1">category</td>
<td colspan="1">score</td>
<td colspan="1">cputime (s)</td>
<td colspan="1">setup (s)</td>
<td colspan="1">non-existent</td>
<td colspan="1">SMT time (s)</td>
<td colspan="1">variable count</td>
<td colspan="1">status</td>
<td colspan="1">category</td>
<td colspan="1">score</td>
<td colspan="1">cputime (s)</td>
<td colspan="1">setup (s)</td>
<td colspan="1">non-existent</td>
<td colspan="1">SMT time</td>
<td colspan="1">variable count</td>
<td colspan="1">status</td>
<td colspan="1">category</td>
<td colspan="1">score</td>
<td colspan="1">cputime (s)</td>
<td colspan="1">setup (s)</td>
<td colspan="1">non-existent</td>
<td colspan="1">SMT time (s)</td>
<td colspan="1">variable count</td>
<td colspan="1">status</td>
<td colspan="1">category</td>
<td colspan="1">score</td>
<td colspan="1">cputime (s)</td>
<td colspan="1">setup (s)</td>
<td colspan="1">non-existent</td>
<td colspan="1">SMT time</td>
<td colspan="1">variable count</td>
</tr>
</thead>

<tbody>
<tr><td title="Click here to show source code"><a href="../../../../test/programs/simple/bitvectors/implicitunsignedconversion_false-unreach-label.i">test/programs/simple/bitvectors/implicitunsignedconversion_false-unreach-label.i</a></td>
<td>unreach-label</td>
<td class="wrong main_status link" title="Click here to show output of tool"><a href="../results/test.2015-03-03_1613.logfiles/predicateAnalysis.implicitunsignedconversion_false-unreach-label.i.log">true</a></td>
<td class="wrong text">wrong</td>
<td class="wrong count">-32</td>
<td class="wrong measure">2.17</td>
<td class="wrong measure">1.62</td>
<td class="wrong text novalue"></td>
<td class="wrong measure">.020</td>
<td class="wrong text novalue"></td>
<td class="correct main_status link" title="Click here to show output of tool"><a href="../results/test.2015-03-03_1613.logfiles/valueAnalysis.implicitunsignedconversion_false-unreach-label.i.log">false(reach)</a></td>
<td class="correct text">correct</td>
<td class="correct count">1</td>
<td class="correct measure">2.12</td>
<td class="correct measure">1.41</td>
<td class="correct text novalue"></td>
<td class="correct text novalue"></td>
<td class="correct count">0</td>
<td class="wrong main_status link" title="Click here to show output of tool"><a href="../results/test.2015-03-03_1815.logfiles/predicateAnalysis.implicitunsignedconversion_false-unreach-label.i.log">true</a></td>
<td class="wrong text">wrong</td>
<td class="wrong count">-32</td>
<td class="wrong measure">1.86</td>
<td class="wrong measure">1.38</td>
<td class="wrong text novalue"></td>
<td class="wrong measure">.015</td>
<td class="wrong text novalue"></td>
<td class="correct main_status link" title="Click here to show output of tool"><a href="../results/test.2015-03-03_1815.logfiles/valueAnalysis.implicitunsignedconversion_false-unreach-label.i.log">false(reach)</a></td>
<td class="correct text">correct</td>
<td class="correct count">1</td>
<td class="correct measure">1.82</td>
<td class="correct measure">1.21</td>
<td class="correct text novalue"></td>
<td class="correct text novalue"></td>
<td class="correct count">0</td>
</tr>
<tr><td title="Click here to show source code"><a href="../../../../test/programs/simple/compoundLiteral_true-unreach-label.c">test/programs/simple/compoundLiteral_true-unreach-label.c</a></td>
<td>unreach-label</td>
<td class="correct main_status link" title="Click here to show output of tool"><a href="../results/test.2015-03-03_1613.logfiles/predicateAnalysis.compoundLiteral_true-unreach-label.c.log">true</a></td>
<td class="correct text">correct</td>
<td class="correct count">2</td>
<td class="correct measure">2.23</td>
<td class="correct measure">1.67</td>
<td class="correct text novalue"></td>
<td class="correct measure">.018</td>
<td class="correct text novalue"></td>
<td class="unknown main_status link" title="Click here to show output of tool"><a href="../results/test.2015-03-03_1613.logfiles/valueAnalysis.compoundLiteral_true-unreach-label.c.log">unknown</a></td>
<td class="unknown text">unknown</td>
<td class="unknown count">0</td>
<td class="unknown measure">2.20</td>
<td class="unknown measure">1.49</td>
<td class="unknown text novalue"></td>
<td class="unknown text novalue"></td>
<td class="unknown count">0</td>
<td class="correct main_status link" title="Click here to show output of tool"><a href="../results/test.2015-03-03_1815.logfiles/predicateAnalysis.compoundLiteral_true-unreach-label.c.log">true</a></td>
<td class="correct text">correct</td>
<td class="correct count">2</td>
<td class="correct measure">1.95</td>
<td class="correct measure">1.47</td>
<td class="correct text novalue"></td>
<td class="correct measure">.015</td>
<td class="correct text novalue"></td>
<td class="unknown main_status link" title="Click here to show output of tool"><a href="../results/test.2015-03-03_1815.logfiles/valueAnalysis.compoundLiteral_true-unreach-label.c.log">unknown</a></td>
<td class="unknown text">unknown</td>
<td class="unknown count">0</td>
<td class="unknown measure">1.81</td>
<td class="unknown measure">1.20</td>
<td class="unknown text novalue"></td>
<td class="unknown text novalue"></td>
<td class="unknown count">0</td>
</tr>
<tr><td title="Click here to show source code"><a href="../../../../test/programs/simple/builtin_expect_true-unreach-label.c">test/programs/simple/builtin_expect_true-unreach-label.c</a></td>
<td>unreach-label</td>
<td class="correct main_status link" title="Click here to show output of tool"><a href="../results/test.2015-03-03_1613.logfiles/predicateAnalysis.builtin_expect_true-unreach-label.c.log">true</a></td>
<td class="correct text">correct</td>
<td class="correct count">2</td>
<td class="correct measure">2.06</td>
<td class="correct measure">1.49</td>
<td class="correct text novalue"></td>
<td class="correct measure">.011</td>
<td class="correct text novalue"></td>
<td class="missing main_status">-</td>
<td class="missing text novalue"></td>
<td class="missing count novalue"></td>
<td class="missing measure novalue"></td>
<td class="missing measure novalue"></td>
<td class="missing text novalue"></td>
<td class="missing text novalue"></td>
<td class="missing count novalue"></td>
<td class="correct main_status link" title="Click here to show output of tool"><a href="../results/test.2015-03-03_1815.logfiles/predicateAnalysis.builtin_expect_true-unreach-label.c.log">true</a></td>
<td class="correct text">correct</td>
<td class="correct count">2</td>
<td class="correct measure">1.85</td>
<td class="correct measure">1.37</td>
<td class="correct text novalue"></td>
<td class="correct measure">.006</td>
<td class="correct text novalue"></td>
<td class="missing main_status">-</td>
<td class="missing text novalue"></td>
<td class="missing count novalue"></td>
<td class="missing measure novalue"></td>
<td class="missing measure novalue"></td>
<td class="missing text novalue"></td>
<td class="missing text novalue"></td>
<td class="missing count novalue"></td>
</tr>
</tbody>

<tfoot>
<tr class="columnTitles">
<td colspan="2"></td>
<td colspan="1">status</td>
<td colspan="1">category</td>
<td colspan="1">score</td>
<td colspan="1">cputime (s)</td>
<td colspan="1">setup (s)</td>
<td colspan="1">non-existent</td>
<td colspan="1">SMT time (s)</td>
<td colspan="1">variable count</td>
<td colspan="1">status</td>
<td colspan="1">category</td>
<td colspan="1">score</td>
<td colspan="1">cputime (s)</td>
<td colspan="1">setup (s)</td>
<td colspan="1">non-existent</td>
<td colspan="1">SMT time</td>
<td colspan="1">variable count</td>
<td colspan="1">status</td>
<td colspan="1">category</td>
<td colspan="1">score</td>
<td colspan="1">cputime (s)</td>
<td colspan="1">setup (s)</td>
<td colspan="1">non-existent</td>
<td colspan="1">SMT time (s)</td>
<td colspan="1">variable count</td>
<td colspan="1">status</td>
<td colspan="1">category</td>
<td colspan="1">score</td>
<td colspan="1">cputime (s)</td>
<td colspan="1">setup (s)</td>
<td colspan="1">non-existent</td>
<td colspan="1">SMT time</td>
<td colspan="1">variable count</td>
</tr>
<tr class="statistics">
<td colspan="2" title="in total 2 true tasks, 1 false tasks">total tasks</td>
<td class="main_status">3</td>
<td class="text novalue"></td>
<td class="count" title="Min: -32, Max: 2, Average: -9.33, Median: 2, StDev: 16.03">-28</td>
<td class="measure" title="Min: 2.06, Max: 2.23, Average: 2.15, Median: 2.17, StDev: 0.07">6.46</td>
<td class="measure" title="Min: 1.49, Max: 1.67, Average: 1.59, Median: 1.62, StDev: 0.07">4.78</td>
<td class="text novalue"></td>
<td class="measure" title="Min: 0.011, Max: 0.020, Average: 0.02, Median: 0.018, StDev: 0.0">.049</td>
<td class="text novalue"></td>
<td class="main_status">2</td>
<td class="text novalue"></td>
<td class="count" title="Min: 0, Max: 1, Average: 0.5, Median: 0.5, StDev: 0.5">1</td>
<td class="measure" title="Min: 2.12, Max: 2.20, Average: 2.16, Median: 2.16, StDev: 0.04">4.32</td>
<td class="measure" title="Min: 1.41, Max: 1.49, Average: 1.45, Median: 1.45, StDev: 0.04">2.90</td>
<td class="text novalue"></td>
<td class="text novalue"></td>
<td class="count">0</td>
<td class="main_status">3</td>
<td class="text novalue"></td>
<td class="count" title="Min: -32, Max: 2, Average: -9.33, Median: 2, StDev: 16.03">-28</td>
<td class="measure" title="Min: 1.85, Max: 1.95, Average: 1.89, Median: 1.86, StDev: 0.04">5.66</td>
<td class="measure" title="Min: 1.37, Max: 1.47, Average: 1.41, Median: 1.38, StDev: 0.04">4.22</td>
<td class="text novalue"></td>
<td class="measure" title="Min: 0.006, Max: 0.015, Average: 0.01, Median: 0.015, StDev: 0.0">.036</td>
<td class="text novalue"></td>
<td class="main_status">2</td>
<td class="text novalue"></td>
<td class="count" title="Min: 0, Max: 1, Average: 0.5, Median: 0.5, StDev: 0.5">1</td>
<td class="measure" title="Min: 1.81, Max: 1.82, Average: 1.81, Median: 1.81, StDev: 0.0">3.63</td>
<td class="measure" title="Min: 1.20, Max: 1.21, Average: 1.2, Median: 1.20, StDev: 0.0">2.41</td>
<td class="text novalue"></td>
<td class="text novalue"></td>
<td class="count">0</td>
</tr>
<tr class="statistics">
<td colspan="2" title="(property holds + result is true) OR (property does not hold + result is false)">&nbsp;&nbsp;&nbsp;&nbsp;correct results</td>
<td class="main_status">2</td>
<td class="text novalue"></td>
<td class="count" title="Min: 2, Max: 2, Average: 2.0, Median: 2, StDev: 0.0">4</td>
<td class="measure" title="Min: 2.06, Max: 2.23, Average: 2.14, Median: 2.14, StDev: 0.09">4.29</td>
<td class="measure" title="Min: 1.49, Max: 1.67, Average: 1.58, Median: 1.58, StDev: 0.09">3.16</td>
<td class="text novalue"></td>
<td class="measure" title="Min: 0.011, Max: 0.018, Average: 0.01, Median: 0.0145, StDev: 0.0">.029</td>
<td class="text novalue"></td>
<td class="main_status">1</td>
<td class="text novalue"></td>
<td class="count" title="Min: 1, Max: 1, Average: 1.0, Median: 1, StDev: 0.0">1</td>
<td class="measure" title="Min: 2.12, Max: 2.12, Average: 2.12, Median: 2.12, StDev: 0.0">2.12</td>
<td class="measure" title="Min: 1.41, Max: 1.41, Average: 1.41, Median: 1.41, StDev: 0.0">1.41</td>
<td class="text novalue"></td>
<td class="text novalue"></td>
<td class="count">0</td>
<td class="main_status">2</td>
<td class="text novalue"></td>
<td class="count" title="Min: 2, Max: 2, Average: 2.0, Median: 2, StDev: 0.0">4</td>
<td class="measure" title="Min: 1.85, Max: 1.95, Average: 1.9, Median: 1.90, StDev: 0.05">3.80</td>
<td class="measure" title="Min: 1.37, Max: 1.47, Average: 1.42, Median: 1.42, StDev: 0.05">2.84</td>
<td class="text novalue"></td>
<td class="measure" title="Min: 0.006, Max: 0.015, Average: 0.01, Median: 0.0105, StDev: 0.0">.021</td>
<td class="text novalue"></td>
<td class="main_status">1</td>
<td class="text novalue"></td>
<td class="count" title="Min: 1, Max: 1, Average: 1.0, Median: 1, StDev: 0.0">1</td>
<td class="measure" title="Min: 1.82, Max: 1.82, Average: 1.82, Median: 1.82, StDev: 0.0">1.82</td>
<td class="measure" title="Min: 1.21, Max: 1.21, Average: 1.21, Median: 1.21, StDev: 0.0">1.21</td>
<td class="text novalue"></td>
<td class="text novalue"></td>
<td class="count">0</td>
</tr>
<tr class="statistics">
<td colspan="2" title="property holds + result is true">&nbsp;&nbsp;&nbsp;&nbsp;&nbsp;&nbsp;&nbsp;&nbsp;correct true</td>
<td class="main_status">2</td>
<td class="text novalue"></td>
<td class="count" title="Min: 2, Max: 2, Average: 2.0, Median: 2, StDev: 0.0">4</td>
<td class="measure" title="Min: 2.06, Max: 2.23, Average: 2.14, Median: 2.14, StDev: 0.09">4.29</td>
<td class="measure" title="Min: 1.49, Max: 1.67, Average: 1.58, Median: 1.58, StDev: 0.09">3.16</td>
<td class="text novalue"></td>
<td class="measure" title="Min: 0.011, Max: 0.018, Average: 0.01, Median: 0.0145, StDev: 0.0">.029</td>
<td class="text novalue"></td>
<td class="main_status">0</td>
<td class="text novalue"></td>
<td class="count novalue"></td>
<td class="measure novalue"></td>
<td class="measure novalue"></td>
<td class="text novalue"></td>
<td class="text novalue"></td>
<td class="count novalue"></td>
<td class="main_status">2</td>
<td class="text novalue"></td>
<td class="count" title="Min: 2, Max: 2, Average: 2.0, Median: 2, StDev: 0.0">4</td>
<td class="measure" title="Min: 1.85, Max: 1.95, Average: 1.9, Median: 1.90, StDev: 0.05">3.80</td>
<td class="measure" title="Min: 1.37, Max: 1.47, Average: 1.42, Median: 1.42, StDev: 0.05">2.84</td>
<td class="text novalue"></td>
<td class="measure" title="Min: 0.006, Max: 0.015, Average: 0.01, Median: 0.0105, StDev: 0.0">.021</td>
<td class="text novalue"></td>
<td class="main_status">0</td>
<td class="text novalue"></td>
<td class="count novalue"></td>
<td class="measure novalue"></td>
<td class="measure novalue"></td>
<td class="text novalue"></td>
<td class="text novalue"></td>
<td class="count novalue"></td>
</tr>
<tr class="statistics">
<td colspan="2" title="property does not hold + result is false">&nbsp;&nbsp;&nbsp;&nbsp;&nbsp;&nbsp;&nbsp;&nbsp;correct false</td>
<td class="main_status">0</td>
<td class="text novalue"></td>
<td class="count novalue"></td>
<td class="measure novalue"></td>
<td class="measure novalue"></td>
<td class="text novalue"></td>
<td class="measure novalue"></td>
<td class="text novalue"></td>
<td class="main_status">1</td>
<td class="text novalue"></td>
<td class="count" title="Min: 1, Max: 1, Average: 1.0, Median: 1, StDev: 0.0">1</td>
<td class="measure" title="Min: 2.12, Max: 2.12, Average: 2.12, Median: 2.12, StDev: 0.0">2.12</td>
<td class="measure" title="Min: 1.41, Max: 1.41, Average: 1.41, Median: 1.41, StDev: 0.0">1.41</td>
<td class="text novalue"></td>
<td class="text novalue"></td>
<td class="count">0</td>
<td class="main_status">0</td>
<td class="text novalue"></td>
<td class="count novalue"></td>
<td class="measure novalue"></td>
<td class="measure novalue"></td>
<td class="text novalue"></td>
<td class="measure novalue"></td>
<td class="text novalue"></td>
<td class="main_status">1</td>
<td class="text novalue"></td>
<td class="count" title="Min: 1, Max: 1, Average: 1.0, Median: 1, StDev: 0.0">1</td>
<td class="measure" title="Min: 1.82, Max: 1.82, Average: 1.82, Median: 1.82, StDev: 0.0">1.82</td>
<td class="measure" title="Min: 1.21, Max: 1.21, Average: 1.21, Median: 1.21, StDev: 0.0">1.21</td>
<td class="text novalue"></td>
<td class="text novalue"></td>
<td class="count">0</td>
</tr>
<tr class="statistics">
<td colspan="2" title="(property holds + result is false) OR (property does not hold + result is true)">&nbsp;&nbsp;&nbsp;&nbsp;incorrect results</td>
<td class="main_status">1</td>
<td class="text novalue"></td>
<td class="count" title="Min: -32, Max: -32, Average: -32.0, Median: -32, StDev: 0.0">-32</td>
<td class="measure" title="Min: 2.17, Max: 2.17, Average: 2.17, Median: 2.17, StDev: 0.0">2.17</td>
<td class="measure" title="Min: 1.62, Max: 1.62, Average: 1.62, Median: 1.62, StDev: 0.0">1.62</td>
<td class="text novalue"></td>
<td class="measure" title="Min: 0.020, Max: 0.020, Average: 0.02, Median: 0.020, StDev: 0.0">.020</td>
<td class="text novalue"></td>
<td class="main_status">0</td>
<td class="text novalue"></td>
<td class="count novalue"></td>
<td class="measure novalue"></td>
<td class="measure novalue"></td>
<td class="text novalue"></td>
<td class="text novalue"></td>
<td class="count novalue"></td>
<td class="main_status">1</td>
<td class="text novalue"></td>
<td class="count" title="Min: -32, Max: -32, Average: -32.0, Median: -32, StDev: 0.0">-32</td>
<td class="measure" title="Min: 1.86, Max: 1.86, Average: 1.86, Median: 1.86, StDev: 0.0">1.86</td>
<td class="measure" title="Min: 1.38, Max: 1.38, Average: 1.38, Median: 1.38, StDev: 0.0">1.38</td>
<td class="text novalue"></td>
<td class="measure" title="Min: 0.015, Max: 0.015, Average: 0.01, Median: 0.015, StDev: 0.0">.015</td>
<td class="text novalue"></td>
<td class="main_status">0</td>
<td class="text novalue"></td>
<td class="count novalue"></td>
<td class="measure novalue"></td>
<td class="measure novalue"></td>
<td class="text novalue"></td>
<td class="text novalue"></td>
<td class="count novalue"></td>
</tr>
<tr class="statistics">
<td colspan="2" title="property does not hold + result is true">&nbsp;&nbsp;&nbsp;&nbsp;&nbsp;&nbsp;&nbsp;&nbsp;incorrect true</td>
<td class="main_status">1</td>
<td class="text novalue"></td>
<td class="count" title="Min: -32, Max: -32, Average: -32.0, Median: -32, StDev: 0.0">-32</td>
<td class="measure" title="Min: 2.17, Max: 2.17, Average: 2.17, Median: 2.17, StDev: 0.0">2.17</td>
<td class="measure" title="Min: 1.62, Max: 1.62, Average: 1.62, Median: 1.62, StDev: 0.0">1.62</td>
<td class="text novalue"></td>
<td class="measure" title="Min: 0.020, Max: 0.020, Average: 0.02, Median: 0.020, StDev: 0.0">.020</td>
<td class="text novalue"></td>
<td class="main_status">0</td>
<td class="text novalue"></td>
<td class="count novalue"></td>
<td class="measure novalue"></td>
<td class="measure novalue"></td>
<td class="text novalue"></td>
<td class="text novalue"></td>
<td class="count novalue"></td>
<td class="main_status">1</td>
<td class="text novalue"></td>
<td class="count" title="Min: -32, Max: -32, Average: -32.0, Median: -32, StDev: 0.0">-32</td>
<td class="measure" title="Min: 1.86, Max: 1.86, Average: 1.86, Median: 1.86, StDev: 0.0">1.86</td>
<td class="measure" title="Min: 1.38, Max: 1.38, Average: 1.38, Median: 1.38, StDev: 0.0">1.38</td>
<td class="text novalue"></td>
<td class="measure" title="Min: 0.015, Max: 0.015, Average: 0.01, Median: 0.015, StDev: 0.0">.015</td>
<td class="text novalue"></td>
<td class="main_status">0</td>
<td class="text novalue"></td>
<td class="count novalue"></td>
<td class="measure novalue"></td>
<td class="measure novalue"></td>
<td class="text novalue"></td>
<td class="text novalue"></td>
<td class="count novalue"></td>
</tr>
<tr class="statistics">
<td colspan="2" title="property holds + result is false">&nbsp;&nbsp;&nbsp;&nbsp;&nbsp;&nbsp;&nbsp;&nbsp;incorrect false</td>
<td class="main_status">0</td>
<td class="text novalue"></td>
<td class="count novalue"></td>
<td class="measure novalue"></td>
<td class="measure novalue"></td>
<td class="text novalue"></td>
<td class="measure novalue"></td>
<td class="text novalue"></td>
<td class="main_status">0</td>
<td class="text novalue"></td>
<td class="count novalue"></td>
<td class="measure novalue"></td>
<td class="measure novalue"></td>
<td class="text novalue"></td>
<td class="text novalue"></td>
<td class="count novalue"></td>
<td class="main_status">0</td>
<td class="text novalue"></td>
<td class="count novalue"></td>
<td class="measure novalue"></td>
<td class="measure novalue"></td>
<td class="text novalue"></td>
<td class="measure novalue"></td>
<td class="text novalue"></td>
<td class="main_status">0</td>
<td class="text novalue"></td>
<td class="count novalue"></td>
<td class="measure novalue"></td>
<td class="measure novalue"></td>
<td class="text novalue"></td>
<td class="text novalue"></td>
<td class="count novalue"></td>
</tr>
<tr class="statistics">
<td colspan="2" title="in total 2 true tasks, 1 false tasks">score (3 tasks, max score: 5)</td>
<td class="score main_status">-28</td>
<td class="score text novalue"></td>
<td class="score count novalue"></td>
<td class="score measure novalue"></td>
<td class="score measure novalue"></td>
<td class="score text novalue"></td>
<td class="score measure novalue"></td>
<td class="score text novalue"></td>
<td class="score main_status">1</td>
<td class="score text novalue"></td>
<td class="score count novalue"></td>
<td class="score measure novalue"></td>
<td class="score measure novalue"></td>
<td class="score text novalue"></td>
<td class="score text novalue"></td>
<td class="score count novalue"></td>
<td class="score main_status">-28</td>
<td class="score text novalue"></td>
<td class="score count novalue"></td>
<td class="score measure novalue"></td>
<td class="score measure novalue"></td>
<td class="score text novalue"></td>
<td class="score measure novalue"></td>
<td class="score text novalue"></td>
<td class="score main_status">1</td>
<td class="score text novalue"></td>
<td class="score count novalue"></td>
<td class="score measure novalue"></td>
<td class="score measure novalue"></td>
<td class="score text novalue"></td>
<td class="score text novalue"></td>
<td class="score count novalue"></td>
</tr>
<tr class="run">
<td colspan="2">Run set</td>
<td colspan="8">predicateAnalysis</td>
<td colspan="8">valueAnalysis</td>
<td colspan="8">predicateAnalysis</td>
<td colspan="8">valueAnalysis</td>
</tr>
</tfoot>
</table>