tool		CPAchecker 1.4-svn 15944M	CPAchecker 1.4-svn 15944M	CPAchecker 1.4-svn 15944M	CPAchecker 1.4-svn 15944M	CPAchecker 1.4-svn 15944M	CPAchecker 1.4-svn 15944M	CPAchecker 1.4-svn 15944M	CPAchecker 1.4-svn 15944M	CPAchecker 1.4-svn 15944M	CPAchecker 1.4-svn 15944M	CPAchecker 1.4-svn 15944M	CPAchecker 1.4-svn 15944M	CPAchecker 1.4-svn 15944M	CPAchecker 1.4-svn 15944M	CPAchecker 1.4-svn 15944M	CPAchecker 1.4-svn 15944M	CPAchecker 1.4-svn 15986M	CPAchecker 1.4-svn 15986M	CPAchecker 1.4-svn 15986M	CPAchecker 1.4-svn 15986M	CPAchecker 1.4-svn 15986M	CPAchecker 1.4-svn 15986M	CPAchecker 1.4-svn 15986M	CPAchecker 1.4-svn 15986M	CPAchecker 1.4-svn 15986M	CPAchecker 1.4-svn 15986M	CPAchecker 1.4-svn 15986M	CPAchecker 1.4-svn 15986M	CPAchecker 1.4-svn 15986M	CPAchecker 1.4-svn 15986M	CPAchecker 1.4-svn 15986M	CPAchecker 1.4-svn 15986M
run set		predicateAnalysis	predicateAnalysis	predicateAnalysis	predicateAnalysis	predicateAnalysis	predicateAnalysis	predicateAnalysis	predicateAnalysis	valueAnalysis	valueAnalysis	valueAnalysis	valueAnalysis	valueAnalysis	valueAnalysis	valueAnalysis	valueAnalysis	predicateAnalysis	predicateAnalysis	predicateAnalysis	predicateAnalysis	predicateAnalysis	predicateAnalysis	predicateAnalysis	predicateAnalysis	valueAnalysis	valueAnalysis	valueAnalysis	valueAnalysis	valueAnalysis	valueAnalysis	valueAnalysis	valueAnalysis
		status	category	score	cputime (s)	setup (s)	non-existent	SMT time (s)	variable count	status	category	score	cputime (s)	setup (s)	non-existent	SMT time	variable count	status	category	score	cputime (s)	setup (s)	non-existent	SMT time (s)	variable count	status	category	score	cputime (s)	setup (s)	non-existent	SMT time	variable count
test/programs/simple/bitvectors/implicitunsignedconversion_false-unreach-label.i	unreach-label	true	wrong	-32	2.169189428	1.624		0.020		false(reach)	correct	1	2.117287256	1.409			0	true	wrong	-32	1.858883109	1.380		0.015		false(reach)	correct	1	1.816985346	1.206			0
test/programs/simple/switch_test_default_fallthrough_false-unreach-label.c	unreach-label	false(reach)	correct	1	2.189887353	1.587		0.000		false(reach)	correct	1	2.159436775	1.438			0	false(reach)	correct	1	1.829559535	1.310		0.000		false(reach)	correct	1	1.822032775	1.217			0
test/programs/simple/compoundLiteral_true-unreach-label.c	unreach-label	true	correct	2	2.22954344	1.665		0.018		unknown	unknown	0	2.203966561	1.491			0	true	correct	2	1.949553467	1.465		0.015		unknown	unknown	0	1.812178923	1.201			0
doc/examples/example.c		true	missing	0	2.272238619	1.644		0.032		true	missing	0	2.018490461	1.377			212	true	missing	0	1.900342606	1.352		0.025		true	missing	0	1.748258151	1.195			212
test/programs/simple/builtin_expect_true-unreach-label.c	unreach-label	true	correct	2	2.058647067	1.493		0.011										true	correct	2	1.850979621	1.373		0.006