<table id="dataTable">
<thead>
  <tr id="tool" class="tool collapsable-header">
<td colspan="2">Tool</td>
<td colspan="4">CPAchecker 1.4-svn 15944M</td>
<td colspan="4">CPAchecker 1.4-svn 15986M</td>
<td colspan="4">CPAchecker 1.4-svn 15944M</td>
<td colspan="4">CPAchecker 1.4-svn 15986M</td>
</tr>
  <tr id="limits" class="limits collapsable-header">
<td colspan="2">Limits</td>
<td colspan="16">timelimit: 10 s, memlimit: 3000 MB, CPU core limit: 1</td>
</tr>
  <tr id="host" class="host collapsable-header">
<td colspan="2">Host</td>
<td colspan="16">tortuga</td>
</tr>
  <tr id="os" class="os collapsable-header">
<td colspan="2">OS</td>
<td colspan="16">Linux 3.13.0-45-generic x86_64</td>
</tr>
  <tr id="system" class="system collapsable-header">
<td colspan="2">System</td>
<td colspan="16">CPU: Intel Core i7-2600 CPU @ 3.40GHz, cores: 8, frequency: 3401 MHz; RAM: 16389384 kB</td>
</tr>
  <tr id="date" class="date collapsable-header">
<td colspan="2">Date of execution</td>
<td colspan="4">2015-03-03 16:13:02 CET</td>
<td colspan="4">2015-03-03 18:15:20 CET</td>
<td colspan="4">2015-03-03 16:13:02 CET</td>
<td colspan="4">2015-03-03 18:15:20 CET</td>
</tr>
  <tr id="run" class="run ">
<td colspan="2">Run set</td>
<td colspan="4">predicateAnalysis</td>
<td colspan="4">predicateAnalysis</td>
<td colspan="4">valueAnalysis</td>
<td colspan="4">valueAnalysis</td>
</tr>
  <tr id="options" class="options collapsable-header">
<td colspan="2">Options</td>
<td colspan="4"><span style="display:block">-noout</span><span style="display:block"> -setprop log.consoleLevel=WARNING</span><span style="display:block"> -predicateAnalysis</span></td>
<td colspan="4"><span style="display:block">-noout</span><span style="display:block"> -setprop log.consoleLevel=WARNING</span><span style="display:block"> -predicateAnalysis</span></td>
<td colspan="4"><span style="display:block">-noout</span><span style="display:block"> -setprop log.consoleLevel=WARNING</span><span style="display:block"> -valueAnalysis</span></td>
<td colspan="4"><span style="display:block">-noout</span><span style="display:block"> -setprop log.consoleLevel=WARNING</span><span style="display:block"> -valueAnalysis</span></td>
</tr>
  <tr id="columnTitles" class="columnTitles ">
<td colspan="2"></td>
<td colspan="1">status</td>
<td colspan="1">cputime (s)</td>
<td colspan="1">walltime (s)</td>
<td colspan="1">memUsage</td>
<td colspan="1">status</td>
<td colspan="1">cputime (s)</td>
<td colspan="1">walltime (s)</td>
<td colspan="1">memUsage</td>
<td colspan="1">status</td>
<td colspan="1">cputime (s)</td>
<td colspan="1">walltime (s)</td>
<td colspan="1">memUsage</td>
<td colspan="1">status</td>
<td colspan="1">cputime (s)</td>
<td colspan="1">walltime (s)</td>
<td colspan="1">memUsage</td>
</tr>
</thead>

<tbody>
<tr><td title="Click here to show source code"><a href="../../../../test/programs/simple/bitvectors/implicitunsignedconversion_false-unreach-label.i">test/programs/simple/bitvectors/implicitunsignedconversion_false-unreach-label.i</a></td>
<td>unreach-label</td>
<td class="wrong main_status link" title="Click here to show output of tool"><a href="../results/test.2015-03-03_1613.logfiles/predicateAnalysis.implicitunsignedconversion_false-unreach-label.i.log">true</a></td>
<td class="wrong measure">2.17</td>
<td class="wrong measure">2.18</td>
<td class="wrong count">128032768</td>
<td class="wrong main_status link" title="Click here to show output of tool"><a href="../results/test.2015-03-03_1815.logfiles/predicateAnalysis.implicitunsignedconversion_false-unreach-label.i.log">true</a></td>
<td class="wrong measure">1.86</td>
<td class="wrong measure">1.87</td>
<td class="wrong count">130568192</td>
<td class="correct main_status link" title="Click here to show output of tool"><a href="../results/test.2015-03-03_1613.logfiles/valueAnalysis.implicitunsignedconversion_false-unreach-label.i.log">false(reach)</a></td>
<td class="correct measure">2.12</td>
<td class="correct measure">2.13</td>
<td class="correct count">133574656</td>
<td class="correct main_status link" title="Click here to show output of tool"><a href="../results/test.2015-03-03_1815.logfiles/valueAnalysis.implicitunsignedconversion_false-unreach-label.i.log">false(reach)</a></td>
<td class="correct measure">1.82</td>
<td class="correct measure">1.82</td>
<td class="correct count">131006464</td>
</tr>
<tr><td title="Click here to show source code"><a href="../../../../test/programs/simple/switch_test_default_fallthrough_false-unreach-label.c">test/programs/simple/switch_test_default_fallthrough_false-unreach-label.c</a></td>
<td>unreach-label</td>
<td class="correct main_status link" title="Click here to show output of tool"><a href="../results/test.2015-03-03_1613.logfiles/predicateAnalysis.switch_test_default_fallthrough_false-unreach-label.c.log">false(reach)</a></td>
<td class="correct measure">2.19</td>
<td class="correct measure">2.20</td>
<td class="correct count">129118208</td>
<td class="correct main_status link" title="Click here to show output of tool"><a href="../results/test.2015-03-03_1815.logfiles/predicateAnalysis.switch_test_default_fallthrough_false-unreach-label.c.log">false(reach)</a></td>
<td class="correct measure">1.83</td>
<td class="correct measure">1.84</td>
<td class="correct count">129966080</td>
<td class="correct main_status link" title="Click here to show output of tool"><a href="../results/test.2015-03-03_1613.logfiles/valueAnalysis.switch_test_default_fallthrough_false-unreach-label.c.log">false(reach)</a></td>
<td class="correct measure">2.16</td>
<td class="correct measure">2.17</td>
<td class="correct count">131117056</td>
<td class="correct main_status link" title="Click here to show output of tool"><a href="../results/test.2015-03-03_1815.logfiles/valueAnalysis.switch_test_default_fallthrough_false-unreach-label.c.log">false(reach)</a></td>
<td class="correct measure">1.82</td>
<td class="correct measure">1.83</td>
<td class="correct count">131072000</td>
</tr>
<tr><td title="Click here to show source code"><a href="../../../../test/programs/simple/compoundLiteral_true-unreach-label.c">test/programs/simple/compoundLiteral_true-unreach-label.c</a></td>
<td>unreach-label</td>
<td class="correct main_status link" title="Click here to show output of tool"><a href="../results/test.2015-03-03_1613.logfiles/predicateAnalysis.compoundLiteral_true-unreach-label.c.log">true</a></td>
<td class="correct measure">2.23</td>
<td class="correct measure">2.24</td>
<td class="correct count">132337664</td>
<td class="correct main_status link" title="Click here to show output of tool"><a href="../results/test.2015-03-03_1815.logfiles/predicateAnalysis.compoundLiteral_true-unreach-label.c.log">true</a></td>
<td class="correct measure">1.95</td>
<td class="correct measure">1.96</td>
<td class="correct count">129806336</td>
<td class="unknown main_status link" title="Click here to show output of tool"><a href="../results/test.2015-03-03_1613.logfiles/valueAnalysis.compoundLiteral_true-unreach-label.c.log">unknown</a></td>
<td class="unknown measure">2.20</td>
<td class="unknown measure">2.21</td>
<td class="unknown count">130293760</td>
<td class="unknown main_status link" title="Click here to show output of tool"><a href="../results/test.2015-03-03_1815.logfiles/valueAnalysis.compoundLiteral_true-unreach-label.c.log">unknown</a></td>
<td class="unknown measure">1.81</td>
<td class="unknown measure">1.82</td>
<td class="unknown count">130777088</td>
</tr>
<tr><td title="Click here to show source code"><a href="../../../../doc/examples/example.c">doc/examples/example.c</a></td>
<td></td>
<td class="missing main_status link" title="Click here to show output of tool"><a href="../results/test.2015-03-03_1613.logfiles/predicateAnalysis.example.c.log">true</a></td>
<td class="missing measure">2.27</td>
<td class="missing measure">2.28</td>
<td class="missing count">129470464</td>
<td class="missing main_status link" title="Click here to show output of tool"><a href="../results/test.2015-03-03_1815.logfiles/predicateAnalysis.example.c.log">true</a></td>
<td class="missing measure">1.90</td>
<td class="missing measure">1.91</td>
<td class="missing count">129441792</td>
<td class="missing main_status link" title="Click here to show output of tool"><a href="../results/test.2015-03-03_1613.logfiles/valueAnalysis.example.c.log">true</a></td>
<td class="missing measure">2.02</td>
<td class="missing measure">2.03</td>
<td class="missing count">126210048</td>
<td class="missing main_status link" title="Click here to show output of tool"><a href="../results/test.2015-03-03_1815.logfiles/valueAnalysis.example.c.log">true</a></td>
<td class="missing measure">1.75</td>
<td class="missing measure">1.76</td>
<td class="missing count">122847232</td>
</tr>
<tr><td title="Click here to show source code"><a href="../../../../test/programs/simple/builtin_expect_true-unreach-label.c">test/programs/simple/builtin_expect_true-unreach-label.c</a></td>
<td>unreach-label</td>
<td class="correct main_status link" title="Click here to show output of tool"><a href="../results/test.2015-03-03_1613.logfiles/predicateAnalysis.builtin_expect_true-unreach-label.c.log">true</a></td>
<td class="correct measure">2.06</td>
<td class="correct measure">2.07</td>
<td class="correct count">126312448</td>
<td class="correct main_status link" title="Click here to show output of tool"><a href="../results/test.2015-03-03_1815.logfiles/predicateAnalysis.builtin_expect_true-unreach-label.c.log">true</a></td>
<td class="correct measure">1.85</td>
<td class="correct measure">1.86</td>
<td class="correct count">128536576</td>
<td class="missing main_status">-</td>
<td class="missing measure novalue"></td>
<td class="missing measure novalue"></td>
<td class="missing count novalue"></td>
<td class="missing main_status">-</td>
<td class="missing measure novalue"></td>
<td class="missing measure novalue"></td>
<td class="missing count novalue"></td>
</tr>
</tbody>

<tfoot>
<tr class="columnTitles">
<td colspan="2"></td>
<td colspan="1">status</td>
<td colspan="1">cputime (s)</td>
<td colspan="1">walltime (s)</td>
<td colspan="1">memUsage</td>
<td colspan="1">status</td>
<td colspan="1">cputime (s)</td>
<td colspan="1">walltime (s)</td>
<td colspan="1">memUsage</td>
<td colspan="1">status</td>
<td colspan="1">cputime (s)</td>
<td colspan="1">walltime (s)</td>
<td colspan="1">memUsage</td>
<td colspan="1">status</td>
<td colspan="1">cputime (s)</td>
<td colspan="1">walltime (s)</td>
<td colspan="1">memUsage</td>
</tr>
<tr class="statistics">
<td colspan="2" title="in total 0 true tasks, 0 false tasks">total tasks</td>
<td class="main_status">5</td>
<td class="measure" title="Min: 2.06, Max: 2.27, Average: 2.18, Median: 2.19, StDev: 0.07">10.9&#x2007;</td>
<td class="measure" title="Min: 2.07, Max: 2.28, Average: 2.19, Median: 2.20, StDev: 0.07">11.0&#x2007;</td>
<td class="count" title="Min: 126312448, Max: 132337664, Average: 129054310.4, Median: 129118208, StDev: 1975805.45">645271552</td>
<td class="main_status">5</td>
<td class="measure" title="Min: 1.83, Max: 1.95, Average: 1.88, Median: 1.86, StDev: 0.04">9.39</td>
<td class="measure" title="Min: 1.84, Max: 1.96, Average: 1.89, Median: 1.87, StDev: 0.04">9.43</td>
<td class="count" title="Min: 128536576, Max: 130568192, Average: 129663795.2, Median: 129806336, StDev: 670751.24">648318976</td>
<td class="main_status">4</td>
<td class="measure" title="Min: 2.02, Max: 2.20, Average: 2.12, Median: 2.14, StDev: 0.07">8.50</td>
<td class="measure" title="Min: 2.03, Max: 2.21, Average: 2.13, Median: 2.15, StDev: 0.07">8.54</td>
<td class="count" title="Min: 126210048, Max: 133574656, Average: 130298880.0, Median: 130705408, StDev: 2651353.13">521195520</td>
<td class="main_status">4</td>
<td class="measure" title="Min: 1.75, Max: 1.82, Average: 1.8, Median: 1.81, StDev: 0.03">7.20</td>
<td class="measure" title="Min: 1.76, Max: 1.83, Average: 1.81, Median: 1.82, StDev: 0.03">7.23</td>
<td class="count" title="Min: 122847232, Max: 131072000, Average: 128925696.0, Median: 130891776, StDev: 3511110.7">515702784</td>
</tr>
<tr class="statistics">
<td colspan="2" title="(This line contains some statistics from local execution. Only trust those values, if you use your own computer.)">local summary</td>
<td class="main_status novalue"></td>
<td class="measure">10.9&#x2007;</td>
<td class="measure">11.6&#x2007;</td>
<td class="count novalue"></td>
<td class="main_status novalue"></td>
<td class="measure">9.40</td>
<td class="measure">10.1&#x2007;</td>
<td class="count novalue"></td>
<td class="main_status novalue"></td>
<td class="measure">8.51</td>
<td class="measure">9.12</td>
<td class="count novalue"></td>
<td class="main_status novalue"></td>
<td class="measure">7.21</td>
<td class="measure">7.81</td>
<td class="count novalue"></td>
</tr>
<tr class="statistics">
<td colspan="2" title="(property holds + result is true) OR (property does not hold + result is false)">&nbsp;&nbsp;&nbsp;&nbsp;correct results</td>
<td class="main_status">3</td>
<td class="measure" title="Min: 2.06, Max: 2.23, Average: 2.16, Median: 2.19, StDev: 0.07">6.48</td>
<td class="measure" title="Min: 2.07, Max: 2.24, Average: 2.17, Median: 2.20, StDev: 0.07">6.50</td>
<td class="count" title="Min: 126312448, Max: 132337664, Average: 129256106.67, Median: 129118208, StDev: 2461716.07">387768320</td>
<td class="main_status">3</td>
<td class="measure" title="Min: 1.83, Max: 1.95, Average: 1.88, Median: 1.85, StDev: 0.05">5.63</td>
<td class="measure" title="Min: 1.84, Max: 1.96, Average: 1.88, Median: 1.86, StDev: 0.05">5.65</td>
<td class="count" title="Min: 128536576, Max: 129966080, Average: 129436330.67, Median: 129806336, StDev: 639556.29">388308992</td>
<td class="main_status">2</td>
<td class="measure" title="Min: 2.12, Max: 2.16, Average: 2.14, Median: 2.14, StDev: 0.02">4.28</td>
<td class="measure" title="Min: 2.13, Max: 2.17, Average: 2.15, Median: 2.15, StDev: 0.02">4.30</td>
<td class="count" title="Min: 131117056, Max: 133574656, Average: 132345856.0, Median: 132345856, StDev: 1228800.0">264691712</td>
<td class="main_status">2</td>
<td class="measure" title="Min: 1.82, Max: 1.82, Average: 1.82, Median: 1.82, StDev: 0.0">3.64</td>
<td class="measure" title="Min: 1.82, Max: 1.83, Average: 1.83, Median: 1.83, StDev: 0.0">3.65</td>
<td class="count" title="Min: 131006464, Max: 131072000, Average: 131039232.0, Median: 131039232, StDev: 32768.0">262078464</td>
</tr>
<tr class="statistics">
<td colspan="2" title="property holds + result is true">&nbsp;&nbsp;&nbsp;&nbsp;&nbsp;&nbsp;&nbsp;&nbsp;correct true</td>
<td class="main_status">2</td>
<td class="measure" title="Min: 2.06, Max: 2.23, Average: 2.14, Median: 2.14, StDev: 0.09">4.29</td>
<td class="measure" title="Min: 2.07, Max: 2.24, Average: 2.15, Median: 2.15, StDev: 0.09">4.30</td>
<td class="count" title="Min: 126312448, Max: 132337664, Average: 129325056.0, Median: 129325056, StDev: 3012608.0">258650112</td>
<td class="main_status">2</td>
<td class="measure" title="Min: 1.85, Max: 1.95, Average: 1.9, Median: 1.90, StDev: 0.05">3.80</td>
<td class="measure" title="Min: 1.86, Max: 1.96, Average: 1.91, Median: 1.91, StDev: 0.05">3.82</td>
<td class="count" title="Min: 128536576, Max: 129806336, Average: 129171456.0, Median: 129171456, StDev: 634880.0">258342912</td>
<td class="main_status">0</td>
<td class="measure novalue"></td>
<td class="measure novalue"></td>
<td class="count novalue"></td>
<td class="main_status">0</td>
<td class="measure novalue"></td>
<td class="measure novalue"></td>
<td class="count novalue"></td>
</tr>
<tr class="statistics">
<td colspan="2" title="property does not hold + result is false">&nbsp;&nbsp;&nbsp;&nbsp;&nbsp;&nbsp;&nbsp;&nbsp;correct false</td>
<td class="main_status">1</td>
<td class="measure" title="Min: 2.19, Max: 2.19, Average: 2.19, Median: 2.19, StDev: 0.0">2.19</td>
<td class="measure" title="Min: 2.20, Max: 2.20, Average: 2.2, Median: 2.20, StDev: 0.0">2.20</td>
<td class="count" title="Min: 129118208, Max: 129118208, Average: 129118208.0, Median: 129118208, StDev: 0.0">129118208</td>
<td class="main_status">1</td>
<td class="measure" title="Min: 1.83, Max: 1.83, Average: 1.83, Median: 1.83, StDev: 0.0">1.83</td>
<td class="measure" title="Min: 1.84, Max: 1.84, Average: 1.84, Median: 1.84, StDev: 0.0">1.84</td>
<td class="count" title="Min: 129966080, Max: 129966080, Average: 129966080.0, Median: 129966080, StDev: 0.0">129966080</td>
<td class="main_status">2</td>
<td class="measure" title="Min: 2.12, Max: 2.16, Average: 2.14, Median: 2.14, StDev: 0.02">4.28</td>
<td class="measure" title="Min: 2.13, Max: 2.17, Average: 2.15, Median: 2.15, StDev: 0.02">4.30</td>
<td class="count" title="Min: 131117056, Max: 133574656, Average: 132345856.0, Median: 132345856, StDev: 1228800.0">264691712</td>
<td class="main_status">2</td>
<td class="measure" title="Min: 1.82, Max: 1.82, Average: 1.82, Median: 1.82, StDev: 0.0">3.64</td>
<td class="measure" title="Min: 1.82, Max: 1.83, Average: 1.83, Median: 1.83, StDev: 0.0">3.65</td>
<td class="count" title="Min: 131006464, Max: 131072000, Average: 131039232.0, Median: 131039232, StDev: 32768.0">262078464</td>
</tr>
<tr class="statistics">
<td colspan="2" title="(property holds + result is false) OR (property does not hold + result is true)">&nbsp;&nbsp;&nbsp;&nbsp;incorrect results</td>
<td class="main_status">1</td>
<td class="measure" title="Min: 2.17, Max: 2.17, Average: 2.17, Median: 2.17, StDev: 0.0">2.17</td>
<td class="measure" title="Min: 2.18, Max: 2.18, Average: 2.18, Median: 2.18, StDev: 0.0">2.18</td>
<td class="count" title="Min: 128032768, Max: 128032768, Average: 128032768.0, Median: 128032768, StDev: 0.0">128032768</td>
<td class="main_status">1</td>
<td class="measure" title="Min: 1.86, Max: 1.86, Average: 1.86, Median: 1.86, StDev: 0.0">1.86</td>
<td class="measure" title="Min: 1.87, Max: 1.87, Average: 1.87, Median: 1.87, StDev: 0.0">1.87</td>
<td class="count" title="Min: 130568192, Max: 130568192, Average: 130568192.0, Median: 130568192, StDev: 0.0">130568192</td>
<td class="main_status">0</td>
<td class="measure novalue"></td>
<td class="measure novalue"></td>
<td class="count novalue"></td>
<td class="main_status">0</td>
<td class="measure novalue"></td>
<td class="measure novalue"></td>
<td class="count novalue"></td>
</tr>
<tr class="statistics">
<td colspan="2" title="property does not hold + result is true">&nbsp;&nbsp;&nbsp;&nbsp;&nbsp;&nbsp;&nbsp;&nbsp;incorrect true</td>
<td class="main_status">1</td>
<td class="measure" title="Min: 2.17, Max: 2.17, Average: 2.17, Median: 2.17, StDev: 0.0">2.17</td>
<td class="measure" title="Min: 2.18, Max: 2.18, Average: 2.18, Median: 2.18, StDev: 0.0">2.18</td>
<td class="count" title="Min: 128032768, Max: 128032768, Average: 128032768.0, Median: 128032768, StDev: 0.0">128032768</td>
<td class="main_status">1</td>
<td class="measure" title="Min: 1.86, Max: 1.86, Average: 1.86, Median: 1.86, StDev: 0.0">1.86</td>
<td class="measure" title="Min: 1.87, Max: 1.87, Average: 1.87, Median: 1.87, StDev: 0.0">1.87</td>
<td class="count" title="Min: 130568192, Max: 130568192, Average: 130568192.0, Median: 130568192, StDev: 0.0">130568192</td>
<td class="main_status">0</td>
<td class="measure novalue"></td>
<td class="measure novalue"></td>
<td class="count novalue"></td>
<td class="main_status">0</td>
<td class="measure novalue"></td>
<td class="measure novalue"></td>
<td class="count novalue"></td>
</tr>
<tr class="statistics">
<td colspan="2" title="property holds + result is false">&nbsp;&nbsp;&nbsp;&nbsp;&nbsp;&nbsp;&nbsp;&nbsp;incorrect false</td>
<td class="main_status">0</td>
<td class="measure novalue"></td>
<td class="measure novalue"></td>
<td class="count novalue"></td>
<td class="main_status">0</td>
<td class="measure novalue"></td>
<td class="measure novalue"></td>
<td class="count novalue"></td>
<td class="main_status">0</td>
<td class="measure novalue"></td>
<td class="measure novalue"></td>
<td class="count novalue"></td>
<td class="main_status">0</td>
<td class="measure novalue"></td>
<td class="measure novalue"></td>
<td class="count novalue"></td>
</tr>
<tr class="statistics">
<td colspan="2" title="in total 0 true tasks, 0 false tasks">score (5 tasks, max score: 4)</td>
<td class="score main_status">-27</td>
<td class="score measure novalue"></td>
<td class="score measure novalue"></td>
<td class="score count novalue"></td>
<td class="score main_status">-27</td>
<td class="score measure novalue"></td>
<td class="score measure novalue"></td>
<td class="score count novalue"></td>
<td class="score main_status">2</td>
<td class="score measure novalue"></td>
<td class="score measure novalue"></td>
<td class="score count novalue"></td>
<td class="score main_status">2</td>
<td class="score measure novalue"></td>
<td class="score measure novalue"></td>
<td class="score count novalue"></td>
</tr>
<tr class="run">
<td colspan="2">Run set</td>
<td colspan="4">predicateAnalysis</td>
<td colspan="4">predicateAnalysis</td>
<td colspan="4">valueAnalysis</td>
<td colspan="4">valueAnalysis</td>
</tr>
</tfoot>
</table>