tool		CPAchecker 1.4-svn 15944M	CPAchecker 1.4-svn 15944M	CPAchecker 1.4-svn 15944M	CPAchecker 1.4-svn 15944M	CPAchecker 1.4-svn 15944M	CPAchecker 1.4-svn 15944M	CPAchecker 1.4-svn 15944M	CPAchecker 1.4-svn 15944M	CPAchecker 1.4-svn 15986M	CPAchecker 1.4-svn 15986M	CPAchecker 1.4-svn 15986M	CPAchecker 1.4-svn 15986M	CPAchecker 1.4-svn 15986M	CPAchecker 1.4-svn 15986M	CPAchecker 1.4-svn 15986M	CPAchecker 1.4-svn 15986M
run set		predicateAnalysis	predicateAnalysis	predicateAnalysis	predicateAnalysis	valueAnalysis	valueAnalysis	valueAnalysis	valueAnalysis	predicateAnalysis	predicateAnalysis	predicateAnalysis	predicateAnalysis	valueAnalysis	valueAnalysis	valueAnalysis	valueAnalysis
		status	cputime (s)	walltime (s)	memUsage	status	cputime (s)	walltime (s)	memUsage	status	cputime (s)	walltime (s)	memUsage	status	cputime (s)	walltime (s)	memUsage
test/programs/simple/bitvectors/implicitunsignedconversion_false-unreach-label.i	unreach-label	true	2.169189428	2.1783649921417236	128032768	false(reach)	2.117287256	2.1272354125976562	133574656	true	1.858883109	1.8666319847106934	130568192	false(reach)	1.816985346	1.8248498439788818	131006464
test/programs/simple/compoundLiteral_true-unreach-label.c	unreach-label	true	2.22954344	2.237081289291382	132337664	unknown	2.203966561	2.2127082347869873	130293760	true	1.949553467	1.957531213760376	129806336	unknown	1.812178923	1.8193717002868652	130777088
test/programs/simple/builtin_expect_true-unreach-label.c	unreach-label	true	2.058647067	2.0664572715759277	126312448					true	1.850979621	1.8589563369750977	128536576