tool		CPAchecker 1.4-svn 15986M	CPAchecker 1.4-svn 15986M	CPAchecker 1.4-svn 15986M	CPAchecker 1.4-svn 15986M	CPAchecker 1.4-svn 15944M	CPAchecker 1.4-svn 15944M	CPAchecker 1.4-svn 15944M	CPAchecker 1.4-svn 15944M
run set		predicateAnalysis	predicateAnalysis	predicateAnalysis	predicateAnalysis	predicateAnalysis	predicateAnalysis	predicateAnalysis	predicateAnalysis
		status	cputime (s)	walltime (s)	memUsage	status	cputime (s)	walltime (s)	memUsage
test/programs/simple/bitvectors/implicitunsignedconversion_false-unreach-label.i	unreach-label	true	1.858883109	1.8666319847106934	130568192	true	2.169189428	2.1783649921417236	128032768
test/programs/simple/switch_test_default_fallthrough_false-unreach-label.c	unreach-label	false(reach)	1.829559535	1.8350000381469727	129966080	false(reach)	2.189887353	2.1968865394592285	129118208
test/programs/simple/compoundLiteral_true-unreach-label.c	unreach-label	true	1.949553467	1.957531213760376	129806336	true	2.22954344	2.237081289291382	132337664
doc/examples/example.c		true	1.900342606	1.9080226421356201	129441792	true	2.272238619	2.2822041511535645	129470464
test/programs/simple/builtin_expect_true-unreach-label.c	unreach-label	true	1.850979621	1.8589563369750977	128536576	true	2.058647067	2.0664572715759277	126312448