<table id="dataTable">
<thead>
  <tr id="tool" class="tool collapsable-header">
<td colspan="2">Tool</td>
<td colspan="6">CPAchecker 1.4-svn 15944M</td>
</tr>
  <tr id="limits" class="limits collapsable-header">
<td colspan="2">Limits</td>
<td colspan="6">timelimit: 10 s, memlimit: 3000 MB, CPU core limit: 1</td>
</tr>
  <tr id="host" class="host collapsable-header">
<td colspan="2">Host</td>
<td colspan="6">tortuga</td>
</tr>
  <tr id="os" class="os collapsable-header">
<td colspan="2">OS</td>
<td colspan="6">Linux 3.13.0-45-generic x86_64</td>
</tr>
  <tr id="system" class="system collapsable-header">
<td colspan="2">System</td>
<td colspan="6">CPU: Intel Core i7-2600 CPU @ 3.40GHz, cores: 8, frequency: 3401 MHz; RAM: 16389384 kB</td>
</tr>
  <tr id="date" class="date collapsable-header">
<td colspan="2">Date of execution</td>
<td colspan="6">2015-03-03 16:13:02 CET</td>
</tr>
  <tr id="run" class="run ">
<td colspan="2">Run set</td>
<td colspan="6">predicateAnalysis</td>
</tr>
  <tr id="options" class="options collapsable-header">
<td colspan="2">Options</td>
<td colspan="6"><span style="display:block">-noout</span><span style="display:block"> -setprop log.consoleLevel=WARNING</span><span style="display:block"> -predicateAnalysis</span></td>
</tr>
  <tr id="columnTitles" class="columnTitles ">
<td colspan="2"></td>
<td colspan="1">status</td>
<td colspan="1">category</td>
<td colspan="1">score</td>
<td colspan="1">cputime (s)</td>
<td colspan="1">setup (s)</td>
<td colspan="1">non-existent</td>
</tr>
</thead>

<tbody>
<tr><td title="Click here to show source code"><a href="../../../../test/programs/simple/bitvectors/implicitunsignedconversion_false-unreach-label.i">test/programs/simple/bitvectors/implicitunsignedconversion_false-unreach-label.i</a></td>
<td>unreach-label</td>
<td class="wrong main_status link" title="Click here to show output of tool"><a href="../results/test.2015-03-03_1613.logfiles/predicateAnalysis.implicitunsignedconversion_false-unreach-label.i.log">true</a></td>
<td class="wrong text">wrong</td>
<td class="wrong count">-32</td>
<td class="wrong measure">2.17</td>
<td class="wrong measure">1.62</td>
<td class="wrong text novalue"></td>
</tr>
<tr><td title="Click here to show source code"><a href="../../../../test/programs/simple/switch_test_default_fallthrough_false-unreach-label.c">test/programs/simple/switch_test_default_fallthrough_false-unreach-label.c</a></td>
<td>unreach-label</td>
<td class="correct main_status link" title="Click here to show output of tool"><a href="../results/test.2015-03-03_1613.logfiles/predicateAnalysis.switch_test_default_fallthrough_false-unreach-label.c.log">false(reach)</a></td>
<td class="correct text">correct</td>
<td class="correct count">1</td>
<td class="correct measure">2.19</td>
<td class="correct measure">1.59</td>
<td class="correct text novalue"></td>
</tr>
<tr><td title="Click here to show source code"><a href="../../../../test/programs/simple/compoundLiteral_true-unreach-label.c">test/programs/simple/compoundLiteral_true-unreach-label.c</a></td>
<td>unreach-label</td>
<td class="correct main_status link" title="Click here to show output of tool"><a href="../results/test.2015-03-03_1613.logfiles/predicateAnalysis.compoundLiteral_true-unreach-label.c.log">true</a></td>
<td class="correct text">correct</td>
<td class="correct count">2</td>
<td class="correct measure">2.23</td>
<td class="correct measure">1.67</td>
<td class="correct text novalue"></td>
</tr>
<tr><td title="Click here to show source code"><a href="../../../../doc/examples/example.c">doc/examples/example.c</a></td>
<td></td>
<td class="missing main_status link" title="Click here to show output of tool"><a href="../results/test.2015-03-03_1613.logfiles/predicateAnalysis.example.c.log">true</a></td>
<td class="missing text">missing</td>
<td class="missing count">0</td>
<td class="missing measure">2.27</td>
<td class="missing measure">1.64</td>
<td class="missing text novalue"></td>
</tr>
<tr><td title="Click here to show source code"><a href="../../../../test/programs/simple/builtin_expect_true-unreach-label.c">test/programs/simple/builtin_expect_true-unreach-label.c</a></td>
<td>unreach-label</td>
<td class="correct main_status link" title="Click here to show output of tool"><a href="../results/test.2015-03-03_1613.logfiles/predicateAnalysis.builtin_expect_true-unreach-label.c.log">true</a></td>
<td class="correct text">correct</td>
<td class="correct count">2</td>
<td class="correct measure">2.06</td>
<td class="correct measure">1.49</td>
<td class="correct text novalue"></td>
</tr>
</tbody>

<tfoot>
<tr class="columnTitles">
<td colspan="2"></td>
<td colspan="1">status</td>
<td colspan="1">category</td>
<td colspan="1">score</td>
<td colspan="1">cputime (s)</td>
<td colspan="1">setup (s)</td>
<td colspan="1">non-existent</td>
</tr>
<tr class="statistics">
<td colspan="2" title="in total 0 true tasks, 0 false tasks">total tasks</td>
<td class="main_status">5</td>
<td class="text novalue"></td>
<td class="count" title="Min: -32, Max: 2, Average: -5.4, Median: 1, StDev: 13.32">-27</td>
<td class="measure" title="Min: 2.06, Max: 2.27, Average: 2.18, Median: 2.19, StDev: 0.07">10.9&#x2007;</td>
<td class="measure" title="Min: 1.49, Max: 1.67, Average: 1.6, Median: 1.62, StDev: 0.06">8.01</td>
<td class="text novalue"></td>
</tr>
<tr class="statistics">
<td colspan="2" title="(This line contains some statistics from local execution. Only trust those values, if you use your own computer.)">local summary</td>
<td class="main_status novalue"></td>
<td class="text novalue"></td>
<td class="count novalue"></td>
<td class="measure">10.9&#x2007;</td>
<td class="measure novalue"></td>
<td class="text novalue"></td>
</tr>
<tr class="statistics">
<td colspan="2" title="(property holds + result is true) OR (property does not hold + result is false)">&nbsp;&nbsp;&nbsp;&nbsp;correct results</td>
<td class="main_status">3</td>
<td class="text novalue"></td>
<td class="count" title="Min: 1, Max: 2, Average: 1.67, Median: 2, StDev: 0.47">5</td>
<td class="measure" title="Min: 2.06, Max: 2.23, Average: 2.16, Median: 2.19, StDev: 0.07">6.48</td>
<td class="measure" title="Min: 1.49, Max: 1.67, Average: 1.58, Median: 1.59, StDev: 0.07">4.75</td>
<td class="text novalue"></td>
</tr>
<tr class="statistics">
<td colspan="2" title="property holds + result is true">&nbsp;&nbsp;&nbsp;&nbsp;&nbsp;&nbsp;&nbsp;&nbsp;correct true</td>
<td class="main_status">2</td>
<td class="text novalue"></td>
<td class="count" title="Min: 2, Max: 2, Average: 2.0, Median: 2, StDev: 0.0">4</td>
<td class="measure" title="Min: 2.06, Max: 2.23, Average: 2.14, Median: 2.14, StDev: 0.09">4.29</td>
<td class="measure" title="Min: 1.49, Max: 1.67, Average: 1.58, Median: 1.58, StDev: 0.09">3.16</td>
<td class="text novalue"></td>
</tr>
<tr class="statistics">
<td colspan="2" title="property does not hold + result is false">&nbsp;&nbsp;&nbsp;&nbsp;&nbsp;&nbsp;&nbsp;&nbsp;correct false</td>
<td class="main_status">1</td>
<td class="text novalue"></td>
<td class="count" title="Min: 1, Max: 1, Average: 1.0, Median: 1, StDev: 0.0">1</td>
<td class="measure" title="Min: 2.19, Max: 2.19, Average: 2.19, Median: 2.19, StDev: 0.0">2.19</td>
<td class="measure" title="Min: 1.59, Max: 1.59, Average: 1.59, Median: 1.59, StDev: 0.0">1.59</td>
<td class="text novalue"></td>
</tr>
<tr class="statistics">
<td colspan="2" title="(property holds + result is false) OR (property does not hold + result is true)">&nbsp;&nbsp;&nbsp;&nbsp;incorrect results</td>
<td class="main_status">1</td>
<td class="text novalue"></td>
<td class="count" title="Min: -32, Max: -32, Average: -32.0, Median: -32, StDev: 0.0">-32</td>
<td class="measure" title="Min: 2.17, Max: 2.17, Average: 2.17, Median: 2.17, StDev: 0.0">2.17</td>
<td class="measure" title="Min: 1.62, Max: 1.62, Average: 1.62, Median: 1.62, StDev: 0.0">1.62</td>
<td class="text novalue"></td>
</tr>
<tr class="statistics">
<td colspan="2" title="property does not hold + result is true">&nbsp;&nbsp;&nbsp;&nbsp;&nbsp;&nbsp;&nbsp;&nbsp;incorrect true</td>
<td class="main_status">1</td>
<td class="text novalue"></td>
<td class="count" title="Min: -32, Max: -32, Average: -32.0, Median: -32, StDev: 0.0">-32</td>
<td class="measure" title="Min: 2.17, Max: 2.17, Average: 2.17, Median: 2.17, StDev: 0.0">2.17</td>
<td class="measure" title="Min: 1.62, Max: 1.62, Average: 1.62, Median: 1.62, StDev: 0.0">1.62</td>
<td class="text novalue"></td>
</tr>
<tr class="statistics">
<td colspan="2" title="property holds + result is false">&nbsp;&nbsp;&nbsp;&nbsp;&nbsp;&nbsp;&nbsp;&nbsp;incorrect false</td>
<td class="main_status">0</td>
<td class="text novalue"></td>
<td class="count novalue"></td>
<td class="measure novalue"></td>
<td class="measure novalue"></td>
<td class="text novalue"></td>
</tr>
<tr class="statistics">
<td colspan="2" title="in total 0 true tasks, 0 false tasks">score (5 tasks, max score: 4)</td>
<td class="score main_status">-27</td>
<td class="score text novalue"></td>
<td class="score count novalue"></td>
<td class="score measure novalue"></td>
<td class="score measure novalue"></td>
<td class="score text novalue"></td>
</tr>
<tr class="run">
<td colspan="2">Run set</td>
<td colspan="6">predicateAnalysis</td>
</tr>
</tfoot>
</table>