tool		CPAchecker 1.4-svn 15944M	CPAchecker 1.4-svn 15944M	CPAchecker 1.4-svn 15944M	CPAchecker 1.4-svn 15944M
run set		predicateAnalysis	predicateAnalysis	predicateAnalysis	predicateAnalysis
		status	cputime (s)	walltime (s)	memUsage
test/programs/simple/bitvectors/implicitunsignedconversion_false-unreach-label.i	unreach-label	true	2.17	2.2	128030000
test/programs/simple/switch_test_default_fallthrough_false-unreach-label.c	unreach-label	false(reach)	2.19	2.2	129120000
test/programs/simple/compoundLiteral_true-unreach-label.c	unreach-label	true	2.23	2.2	132340000
doc/examples/example.c		true	2.27	2.3	129470000
test/programs/simple/builtin_expect_true-unreach-label.c	unreach-label	true	2.06	2.1	126310000