<table id="dataTable">
<thead>
  <tr id="tool" class="tool collapsable-header">
<td colspan="2">Tool</td>
<td colspan="4">CPAchecker 1.4-svn 15944M</td>
</tr>
  <tr id="limits" class="limits collapsable-header">
<td colspan="2">Limits</td>
<td colspan="4">timelimit: 10 s, memlimit: 3000 MB, CPU core limit: 1</td>
</tr>
  <tr id="host" class="host collapsable-header">
<td colspan="2">Host</td>
<td colspan="4">tortuga</td>
</tr>
  <tr id="os" class="os collapsable-header">
<td colspan="2">OS</td>
<td colspan="4">Linux 3.13.0-45-generic x86_64</td>
</tr>
  <tr id="system" class="system collapsable-header">
<td colspan="2">System</td>
<td colspan="4">CPU: Intel Core i7-2600 CPU @ 3.40GHz, cores: 8, frequency: 3401 MHz; RAM: 16389384 kB</td>
</tr>
  <tr id="date" class="date collapsable-header">
<td colspan="2">Date of execution</td>
<td colspan="4">2015-03-03 16:13:02 CET</td>
</tr>
  <tr id="run" class="run ">
<td colspan="2">Run set</td>
<td colspan="4">predicateAnalysis</td>
</tr>
  <tr id="options" class="options collapsable-header">
<td colspan="2">Options</td>
<td colspan="4"><span style="display:block">-noout</span><span style="display:block"> -setprop log.consoleLevel=WARNING</span><span style="display:block"> -predicateAnalysis</span></td>
</tr>
  <tr id="columnTitles" class="columnTitles ">
<td colspan="2"></td>
<td colspan="1">status</td>
<td colspan="1">cputime (s)</td>
<td colspan="1">walltime (s)</td>
<td colspan="1">memUsage</td>
</tr>
</thead>

<tbody>
<tr><td title="Click here to show source code"><a href="../../../../test/programs/simple/bitvectors/implicitunsignedconversion_false-unreach-label.i">test/programs/simple/bitvectors/implicitunsignedconversion_false-unreach-label.i</a></td>
<td>unreach-label</td>
<td class="wrong main_status link" title="Click here to show output of tool"><a href="../results/test.2015-03-03_1613.logfiles/predicateAnalysis.implicitunsignedconversion_false-unreach-label.i.log">true</a></td>
<td class="wrong measure">2.17</td>
<td class="wrong measure">2.2</td>
<td class="wrong count">128030000</td>
</tr>
<tr><td title="Click here to show source code"><a href="../../../../test/programs/simple/switch_test_default_fallthrough_false-unreach-label.c">test/programs/simple/switch_test_default_fallthrough_false-unreach-label.c</a></td>
<td>unreach-label</td>
<td class="correct main_status link" title="Click here to show output of tool"><a href="../results/test.2015-03-03_1613.logfiles/predicateAnalysis.switch_test_default_fallthrough_false-unreach-label.c.log">false(reach)</a></td>
<td class="correct measure">2.19</td>
<td class="correct measure">2.2</td>
<td class="correct count">129120000</td>
</tr>
<tr><td title="Click here to show source code"><a href="../../../../test/programs/simple/compoundLiteral_true-unreach-label.c">test/programs/simple/compoundLiteral_true-unreach-label.c</a></td>
<td>unreach-label</td>
<td class="correct main_status link" title="Click here to show output of tool"><a href="../results/test.2015-03-03_1613.logfiles/predicateAnalysis.compoundLiteral_true-unreach-label.c.log">true</a></td>
<td class="correct measure">2.23</td>
<td class="correct measure">2.2</td>
<td class="correct count">132340000</td>
</tr>
<tr><td title="Click here to show source code"><a href="../../../../doc/examples/example.c">doc/examples/example.c</a></td>
<td></td>
<td class="missing main_status link" title="Click here to show output of tool"><a href="../results/test.2015-03-03_1613.logfiles/predicateAnalysis.example.c.log">true</a></td>
<td class="missing measure">2.27</td>
<td class="missing measure">2.3</td>
<td class="missing count">129470000</td>
</tr>
<tr><td title="Click here to show source code"><a href="../../../../test/programs/simple/builtin_expect_true-unreach-label.c">test/programs/simple/builtin_expect_true-unreach-label.c</a></td>
<td>unreach-label</td>
<td class="correct main_status link" title="Click here to show output of tool"><a href="../results/test.2015-03-03_1613.logfiles/predicateAnalysis.builtin_expect_true-unreach-label.c.log">true</a></td>
<td class="correct measure">2.06</td>
<td class="correct measure">2.1</td>
<td class="correct count">126310000</td>
</tr>
</tbody>

<tfoot>
<tr class="columnTitles">
<td colspan="2"></td>
<td colspan="1">status</td>
<td colspan="1">cputime (s)</td>
<td colspan="1">walltime (s)</td>
<td colspan="1">memUsage</td>
</tr>
<tr class="statistics">
<td colspan="2" title="in total 0 true tasks, 0 false tasks">total tasks</td>
<td class="main_status">5</td>
<td class="measure" title="Min: 2.06, Max: 2.27, Average: 2.18, Median: 2.19, StDev: 0.0719">10.9&#x2007;</td>
<td class="measure" title="Min: 2.1, Max: 2.3, Average: 2.2, Median: 2.2, StDev: 0.072">11&#x2008;&#x2007;</td>
<td class="count" title="Min: 126310000, Max: 132340000, Average: 129050000, Median: 129120000, StDev: 1975800">645270000</td>
</tr>
<tr class="statistics">
<td colspan="2" title="(This line contains some statistics from local execution. Only trust those values, if you use your own computer.)">local summary</td>
<td class="main_status novalue"></td>
<td class="measure">10.9&#x2007;</td>
<td class="measure">12&#x2008;&#x2007;</td>
<td class="count novalue"></td>
</tr>
<tr class="statistics">
<td colspan="2" title="(property holds + result is true) OR (property does not hold + result is false)">&nbsp;&nbsp;&nbsp;&nbsp;correct results</td>
<td class="main_status">3</td>
<td class="measure" title="Min: 2.06, Max: 2.23, Average: 2.16, Median: 2.19, StDev: 0.0730">6.48</td>
<td class="measure" title="Min: 2.1, Max: 2.2, Average: 2.2, Median: 2.2, StDev: 0.073">6.5</td>
<td class="count" title="Min: 126310000, Max: 132340000, Average: 129260000, Median: 129120000, StDev: 2461700">387770000</td>
</tr>
<tr class="statistics">
<td colspan="2" title="property holds + result is true">&nbsp;&nbsp;&nbsp;&nbsp;&nbsp;&nbsp;&nbsp;&nbsp;correct true</td>
<td class="main_status">2</td>
<td class="measure" title="Min: 2.06, Max: 2.23, Average: 2.14, Median: 2.14, StDev: 0.0854">4.29</td>
<td class="measure" title="Min: 2.1, Max: 2.2, Average: 2.2, Median: 2.2, StDev: 0.085">4.3</td>
<td class="count" title="Min: 126310000, Max: 132340000, Average: 129330000, Median: 129330000, StDev: 3012600">258650000</td>
</tr>
<tr class="statistics">
<td colspan="2" title="property does not hold + result is false">&nbsp;&nbsp;&nbsp;&nbsp;&nbsp;&nbsp;&nbsp;&nbsp;correct false</td>
<td class="main_status">1</td>
<td class="measure" title="Min: 2.19, Max: 2.19, Average: 2.19, Median: 2.19, StDev: 0">2.19</td>
<td class="measure" title="Min: 2.2, Max: 2.2, Average: 2.2, Median: 2.2, StDev: 0">2.2</td>
<td class="count" title="Min: 129120000, Max: 129120000, Average: 129120000, Median: 129120000, StDev: 0">129120000</td>
</tr>
<tr class="statistics">
<td colspan="2" title="(property holds + result is false) OR (property does not hold + result is true)">&nbsp;&nbsp;&nbsp;&nbsp;incorrect results</td>
<td class="main_status">1</td>
<td class="measure" title="Min: 2.17, Max: 2.17, Average: 2.17, Median: 2.17, StDev: 0">2.17</td>
<td class="measure" title="Min: 2.2, Max: 2.2, Average: 2.2, Median: 2.2, StDev: 0">2.2</td>
<td class="count" title="Min: 128030000, Max: 128030000, Average: 128030000, Median: 128030000, StDev: 0">128030000</td>
</tr>
<tr class="statistics">
<td colspan="2" title="property does not hold + result is true">&nbsp;&nbsp;&nbsp;&nbsp;&nbsp;&nbsp;&nbsp;&nbsp;incorrect true</td>
<td class="main_status">1</td>
<td class="measure" title="Min: 2.17, Max: 2.17, Average: 2.17, Median: 2.17, StDev: 0">2.17</td>
<td class="measure" title="Min: 2.2, Max: 2.2, Average: 2.2, Median: 2.2, StDev: 0">2.2</td>
<td class="count" title="Min: 128030000, Max: 128030000, Average: 128030000, Median: 128030000, StDev: 0">128030000</td>
</tr>
<tr class="statistics">
<td colspan="2" title="property holds + result is false">&nbsp;&nbsp;&nbsp;&nbsp;&nbsp;&nbsp;&nbsp;&nbsp;incorrect false</td>
<td class="main_status">0</td>
<td class="measure novalue"></td>
<td class="measure novalue"></td>
<td class="count novalue"></td>
</tr>
<tr class="statistics">
<td colspan="2" title="in total 0 true tasks, 0 false tasks">score (5 tasks, max score: 4)</td>
<td class="score main_status">-27</td>
<td class="score measure novalue"></td>
<td class="score measure novalue"></td>
<td class="score count novalue"></td>
</tr>
<tr class="run">
<td colspan="2">Run set</td>
<td colspan="4">predicateAnalysis</td>
</tr>
</tfoot>
</table>