tool		CPAchecker 1.4-svn 15944M	CPAchecker 1.4-svn 15944M	CPAchecker 1.4-svn 15944M	CPAchecker 1.4-svn 15944M
run set		predicateAnalysis	predicateAnalysis	predicateAnalysis	predicateAnalysis
		status	cputime (s)	witness	benchexec
test/programs/simple/bitvectors/implicitunsignedconversion_false-unreach-label.i	unreach-label	true	2.169189428		
test/programs/simple/switch_test_default_fallthrough_false-unreach-label.c	unreach-label	false(reach)	2.189887353		
test/programs/simple/compoundLiteral_true-unreach-label.c	unreach-label	true	2.22954344		
doc/examples/example.c		true	2.272238619		
test/programs/simple/builtin_expect_true-unreach-label.c	unreach-label	true	2.058647067