<table id="dataTable">
<thead>
  <tr id="tool" class="tool collapsable-header">
<td colspan="1">Tool</td>
<td colspan="6">MathSAT 5.3.5</td>
<td colspan="6">SMTInterpol 2.1-183-g4d3bb9f</td>
</tr>
  <tr id="limits" class="limits collapsable-header">
<td colspan="1">Limits</td>
<td colspan="12">timelimit: 10 s, memlimit: 100 MB, CPU core limit: 1</td>
</tr>
  <tr id="host" class="host collapsable-header">
<td colspan="1">Host</td>
<td colspan="12">tortuga</td>
</tr>
  <tr id="os" class="os collapsable-header">
<td colspan="1">OS</td>
<td colspan="12">Linux 3.13.0-53-generic x86_64</td>
</tr>
  <tr id="system" class="system collapsable-header">
<td colspan="1">System</td>
<td colspan="12">CPU: Intel Core i7-2600 CPU @ 3.40GHz, cores: 8, frequency: 3401 MHz; RAM: 16389436 kB</td>
</tr>
  <tr id="date" class="date collapsable-header">
<td colspan="1">Date of execution</td>
<td colspan="6">2015-05-27 10:04:55 CEST</td>
<td colspan="6">2015-05-27 10:04:27 CEST</td>
</tr>
  <tr id="run" class="run ">
<td colspan="1">Run set</td>
<td colspan="6">mathsat</td>
<td colspan="6">smtinterpol</td>
</tr>
  <tr id="columnTitles" class="columnTitles ">
<td colspan="1"></td>
<td colspan="1">status</td>
<td colspan="1">category</td>
<td colspan="1">score</td>
<td colspan="1">cputime (s)</td>
<td colspan="1">walltime (s)</td>
<td colspan="1">memUsage</td>
<td colspan="1">status</td>
<td colspan="1">category</td>
<td colspan="1">score</td>
<td colspan="1">cputime (s)</td>
<td colspan="1">walltime (s)</td>
<td colspan="1">memUsage</td>
</tr>
</thead>

<tbody>
<tr><td title="Click here to show source code"><a href="../../../../ie-local-interpolant.smt2">ie-local-interpolant.smt2</a></td>
<td class="missing main_status link" title="Click here to show output of tool"><a href="../results/mathsat.2015-05-27_1004.logfiles/ie-local-interpolant.smt2.log">unsat</a></td>
<td class="missing text">missing</td>
<td class="missing count">0</td>
<td class="missing measure">.126&#x2007;&#x2007;</td>
<td class="missing measure">.128&#x2007;</td>
<td class="missing count">19525632</td>
<td class="missing main_status link" title="Click here to show output of tool"><a href="../results/smtinterpol.2015-05-27_1004.logfiles/ie-local-interpolant.smt2.log">sat</a></td>
<td class="missing text">missing</td>
<td class="missing count">0</td>
<td class="missing measure">.479</td>
<td class="missing measure">.487</td>
<td class="missing count">45228032</td>
</tr>
<tr><td title="Click here to show source code"><a href="../../../../other-cast-encoding.smt2">other-cast-encoding.smt2</a></td>
<td class="unknown main_status link" title="Click here to show output of tool"><a href="../results/mathsat.2015-05-27_1004.logfiles/other-cast-encoding.smt2.log">unknown</a></td>
<td class="unknown text">unknown</td>
<td class="unknown count">0</td>
<td class="unknown measure">.00909</td>
<td class="unknown measure">.0100</td>
<td class="unknown count">4583424</td>
<td class="error main_status link" title="Click here to show output of tool"><a href="../results/smtinterpol.2015-05-27_1004.logfiles/other-cast-encoding.smt2.log">error</a></td>
<td class="error text">error</td>
<td class="error count">0</td>
<td class="error measure">.193</td>
<td class="error measure">.199</td>
<td class="error count">23822336</td>
</tr>
<tr><td title="Click here to show source code"><a href="../../../../smtinterpol-NPE-LAInterpolor-color_unsat.smt2">smtinterpol-NPE-LAInterpolor-color_unsat.smt2</a></td>
<td class="error main_status link" title="Click here to show output of tool"><a href="../results/mathsat.2015-05-27_1004.logfiles/smtinterpol-NPE-LAInterpolor-color_unsat.smt2.log">error</a></td>
<td class="error text">error</td>
<td class="error count">0</td>
<td class="error measure">.0209&#x2007;</td>
<td class="error measure">.0351</td>
<td class="error count">2883584</td>
<td class="correct main_status link" title="Click here to show output of tool"><a href="../results/smtinterpol.2015-05-27_1004.logfiles/smtinterpol-NPE-LAInterpolor-color_unsat.smt2.log">unsat</a></td>
<td class="correct text">correct</td>
<td class="correct count">0</td>
<td class="correct measure">.769</td>
<td class="correct measure">.778</td>
<td class="correct count">46264320</td>
</tr>
</tbody>

<tfoot>
<tr class="columnTitles">
<td colspan="1"></td>
<td colspan="1">status</td>
<td colspan="1">category</td>
<td colspan="1">score</td>
<td colspan="1">cputime (s)</td>
<td colspan="1">walltime (s)</td>
<td colspan="1">memUsage</td>
<td colspan="1">status</td>
<td colspan="1">category</td>
<td colspan="1">score</td>
<td colspan="1">cputime (s)</td>
<td colspan="1">walltime (s)</td>
<td colspan="1">memUsage</td>
</tr>
<tr class="statistics">
<td colspan="1" title="in total 0 true tasks, 1 false tasks">total tasks</td>
<td class="main_status">3</td>
<td class="text novalue"></td>
<td class="count">0</td>
<td class="measure" title="Min: 0.00909, Max: 0.126, Average: 0.05, Median: 0.0209, StDev: 0.05">.156</td>
<td class="measure" title="Min: 0.0100, Max: 0.128, Average: 0.06, Median: 0.0351, StDev: 0.05">.173</td>
<td class="count" title="Min: 2883584, Max: 19525632, Average: 8997546.67, Median: 4583424, StDev: 7476755.07">26992640</td>
<td class="main_status">3</td>
<td class="text novalue"></td>
<td class="count">0</td>
<td class="measure" title="Min: 0.193, Max: 0.769, Average: 0.48, Median: 0.479, StDev: 0.24">1.44&#x2007;</td>
<td class="measure" title="Min: 0.199, Max: 0.778, Average: 0.49, Median: 0.487, StDev: 0.24">1.46&#x2007;</td>
<td class="count" title="Min: 23822336, Max: 46264320, Average: 38438229.33, Median: 45228032, StDev: 10343652.7">115314688</td>
</tr>
<tr class="statistics">
<td colspan="1" title="(property holds + result is true) OR (property does not hold + result is false)">&nbsp;&nbsp;&nbsp;&nbsp;correct results</td>
<td class="main_status">0</td>
<td class="text novalue"></td>
<td class="count novalue"></td>
<td class="measure novalue"></td>
<td class="measure novalue"></td>
<td class="count novalue"></td>
<td class="main_status">1</td>
<td class="text novalue"></td>
<td class="count">0</td>
<td class="measure" title="Min: 0.769, Max: 0.769, Average: 0.77, Median: 0.769, StDev: 0.0">.769</td>
<td class="measure" title="Min: 0.778, Max: 0.778, Average: 0.78, Median: 0.778, StDev: 0.0">.778</td>
<td class="count" title="Min: 46264320, Max: 46264320, Average: 46264320.0, Median: 46264320, StDev: 0.0">46264320</td>
</tr>
<tr class="statistics">
<td colspan="1" title="property holds + result is true">&nbsp;&nbsp;&nbsp;&nbsp;&nbsp;&nbsp;&nbsp;&nbsp;correct true</td>
<td class="main_status">0</td>
<td class="text novalue"></td>
<td class="count novalue"></td>
<td class="measure novalue"></td>
<td class="measure novalue"></td>
<td class="count novalue"></td>
<td class="main_status">0</td>
<td class="text novalue"></td>
<td class="count novalue"></td>
<td class="measure novalue"></td>
<td class="measure novalue"></td>
<td class="count novalue"></td>
</tr>
<tr class="statistics">
<td colspan="1" title="property does not hold + result is false">&nbsp;&nbsp;&nbsp;&nbsp;&nbsp;&nbsp;&nbsp;&nbsp;correct false</td>
<td class="main_status">0</td>
<td class="text novalue"></td>
<td class="count novalue"></td>
<td class="measure novalue"></td>
<td class="measure novalue"></td>
<td class="count novalue"></td>
<td class="main_status">1</td>
<td class="text novalue"></td>
<td class="count">0</td>
<td class="measure" title="Min: 0.769, Max: 0.769, Average: 0.77, Median: 0.769, StDev: 0.0">.769</td>
<td class="measure" title="Min: 0.778, Max: 0.778, Average: 0.78, Median: 0.778, StDev: 0.0">.778</td>
<td class="count" title="Min: 46264320, Max: 46264320, Average: 46264320.0, Median: 46264320, StDev: 0.0">46264320</td>
</tr>
<tr class="statistics">
<td colspan="1" title="(property holds + result is false) OR (property does not hold + result is true)">&nbsp;&nbsp;&nbsp;&nbsp;incorrect results</td>
<td class="main_status">0</td>
<td class="text novalue"></td>
<td class="count novalue"></td>
<td class="measure novalue"></td>
<td class="measure novalue"></td>
<td class="count novalue"></td>
<td class="main_status">0</td>
<td class="text novalue"></td>
<td class="count novalue"></td>
<td class="measure novalue"></td>
<td class="measure novalue"></td>
<td class="count novalue"></td>
</tr>
<tr class="statistics">
<td colspan="1" title="property does not hold + result is true">&nbsp;&nbsp;&nbsp;&nbsp;&nbsp;&nbsp;&nbsp;&nbsp;incorrect true</td>
<td class="main_status">0</td>
<td class="text novalue"></td>
<td class="count novalue"></td>
<td class="measure novalue"></td>
<td class="measure novalue"></td>
<td class="count novalue"></td>
<td class="main_status">0</td>
<td class="text novalue"></td>
<td class="count novalue"></td>
<td class="measure novalue"></td>
<td class="measure novalue"></td>
<td class="count novalue"></td>
</tr>
<tr class="statistics">
<td colspan="1" title="property holds + result is false">&nbsp;&nbsp;&nbsp;&nbsp;&nbsp;&nbsp;&nbsp;&nbsp;incorrect false</td>
<td class="main_status">0</td>
<td class="text novalue"></td>
<td class="count novalue"></td>
<td class="measure novalue"></td>
<td class="measure novalue"></td>
<td class="count novalue"></td>
<td class="main_status">0</td>
<td class="text novalue"></td>
<td class="count novalue"></td>
<td class="measure novalue"></td>
<td class="measure novalue"></td>
<td class="count novalue"></td>
</tr>
<tr class="run">
<td colspan="1">Run set</td>
<td colspan="6">mathsat</td>
<td colspan="6">smtinterpol</td>
</tr>
</tfoot>
</table>