tool		CPAchecker 1.4-svn 15944M	CPAchecker 1.4-svn 15944M	CPAchecker 1.4-svn 15944M	CPAchecker 1.4-svn 15944M	CPAchecker 1.4-svn 15944M	CPAchecker 1.4-svn 15944M	CPAchecker 1.4-svn 15944M	CPAchecker 1.4-svn 15944M
run set		predicateAnalysis	predicateAnalysis	predicateAnalysis	predicateAnalysis	valueAnalysis	valueAnalysis	valueAnalysis	valueAnalysis
		status	cputime (s)	walltime (s)	memUsage	status	cputime (s)	walltime (s)	memUsage
test/programs/simple/bitvectors/implicitunsignedconversion_false-unreach-label.i	unreach-label	true				false(reach)	2.117287256	2.1272354125976562	133574656
test/programs/simple/compoundLiteral_true-unreach-label.c	unreach-label	true	2.22954344	2.237081289291382	132337664	unknown			
test/programs/simple/builtin_expect_true-unreach-label.c	unreach-label	true	2.058647067	2.0664572715759277	126312448