tool		CPAchecker 1.4-svn 15944M	CPAchecker 1.4-svn 15944M	CPAchecker 1.4-svn 15944M	CPAchecker 1.4-svn 15944M	CPAchecker 1.4-svn 15944M	CPAchecker 1.4-svn 15944M	CPAchecker 1.4-svn 15944M	CPAchecker 1.4-svn 15944M
run set		predicateAnalysis	predicateAnalysis	predicateAnalysis	predicateAnalysis	valueAnalysis	valueAnalysis	valueAnalysis	valueAnalysis
		status	cputime (s)	walltime (s)	memUsage	status	cputime (s)	walltime (s)	memUsage
test/programs/simple/bitvectors/implicitunsignedconversion_false-unreach-label.i	unreach-label	true				false(reach)	2.117287256	2.1272354125976562	133574656
test/programs/simple/switch_test_default_fallthrough_false-unreach-label.c	unreach-label	false(reach)	2.189887353	2.1968865394592285	129118208	false(reach)	2.159436775	2.1679935455322266	131117056
test/programs/simple/compoundLiteral_true-unreach-label.c	unreach-label	true	2.22954344	2.237081289291382	132337664	unknown			
doc/examples/example.c		true				true			
test/programs/simple/builtin_expect_true-unreach-label.c	unreach-label	true	2.058647067	2.0664572715759277	126312448