tool		CPAchecker 1.4-svn 15944M	CPAchecker 1.4-svn 15944M	CPAchecker 1.4-svn 15944M	CPAchecker 1.4-svn 15944M	CPAchecker 1.4-svn 15944M	CPAchecker 1.4-svn 15944M	CPAchecker 1.4-svn 15944M	CPAchecker 1.4-svn 15944M
run set		valueAnalysis	valueAnalysis	valueAnalysis	valueAnalysis	predicateAnalysis	predicateAnalysis	predicateAnalysis	predicateAnalysis
		status	cputime (s)	walltime (s)	memUsage	status	cputime (s)	walltime (s)	memUsage
test/programs/simple/bitvectors/implicitunsignedconversion_false-unreach-label.i	unreach-label	false(reach)	2.117287256	2.1272354125976562	133574656	true	2.169189428	2.1783649921417236	128032768
test/programs/simple/switch_test_default_fallthrough_false-unreach-label.c	unreach-label	false(reach)	2.159436775	2.1679935455322266	131117056	false(reach)	2.189887353	2.1968865394592285	129118208
test/programs/simple/compoundLiteral_true-unreach-label.c	unreach-label	unknown	2.203966561	2.2127082347869873	130293760	true	2.22954344	2.237081289291382	132337664
doc/examples/example.c		true	2.018490461	2.0274627208709717	126210048	true	2.272238619	2.2822041511535645	129470464
test/programs/simple/builtin_expect_true-unreach-label.c	unreach-label					true	2.058647067	2.0664572715759277	126312448