tool		CPAchecker 1.4-svn 15944M	CPAchecker 1.4-svn 15944M	CPAchecker 1.4-svn 15944M	CPAchecker 1.4-svn 15944M
run set		valueAnalysis	valueAnalysis	valueAnalysis	valueAnalysis
		status	cputime (s)	walltime (s)	memUsage
test/programs/simple/bitvectors/implicitunsignedconversion_false-unreach-label.i	unreach-label	false(reach)	2.117287256	2.1272354125976562	133574656
test/programs/simple/switch_test_default_fallthrough_false-unreach-label.c	unreach-label	false(reach)	2.159436775	2.1679935455322266	131117056
test/programs/simple/compoundLiteral_true-unreach-label.c	unreach-label	unknown	2.203966561	2.2127082347869873	130293760
doc/examples/example.c		true	2.018490461	2.0274627208709717	126210048