<table id="dataTable">
<thead>
  <tr id="tool" class="tool collapsable-header">
<td colspan="3">Tool</td>
<td colspan="8">CPAchecker [1.4-svn 15944M; 1.4-svn 15986M]</td>
</tr>
  <tr id="limits" class="limits collapsable-header">
<td colspan="3">Limits</td>
<td colspan="8">timelimit: 10 s, memlimit: 3000 MB, CPU core limit: 1</td>
</tr>
  <tr id="host" class="host collapsable-header">
<td colspan="3">Host</td>
<td colspan="8">tortuga</td>
</tr>
  <tr id="os" class="os collapsable-header">
<td colspan="3">OS</td>
<td colspan="8">Linux 3.13.0-45-generic x86_64</td>
</tr>
  <tr id="system" class="system collapsable-header">
<td colspan="3">System</td>
<td colspan="8">CPU: Intel Core i7-2600 CPU @ 3.40GHz, cores: 8, frequency: 3401 MHz; RAM: 16389384 kB</td>
</tr>
  <tr id="date" class="date collapsable-header">
<td colspan="3">Date of execution</td>
<td colspan="8">[2015-03-03 16:13:02 CET; 2015-03-03 18:15:20 CET]</td>
</tr>
  <tr id="run" class="run ">
<td colspan="3">Run set</td>
<td colspan="4">predicateAnalysis</td>
<td colspan="4">valueAnalysis</td>
</tr>
  <tr id="options" class="options collapsable-header">
<td colspan="3">Options</td>
<td colspan="4"><span style="display:block">-noout</span><span style="display:block"> -setprop log.consoleLevel=WARNING</span><span style="display:block"> -predicateAnalysis</span></td>
<td colspan="4"><span style="display:block">-noout</span><span style="display:block"> -setprop log.consoleLevel=WARNING</span><span style="display:block"> -valueAnalysis</span></td>
</tr>
  <tr id="columnTitles" class="columnTitles ">
<td colspan="3"></td>
<td colspan="1">status</td>
<td colspan="1">cputime (s)</td>
<td colspan="1">walltime (s)</td>
<td colspan="1">memUsage</td>
<td colspan="1">status</td>
<td colspan="1">cputime (s)</td>
<td colspan="1">walltime (s)</td>
<td colspan="1">memUsage</td>
</tr>
</thead>

<tbody>
<tr><td title="Click here to show source code"><a href="../../../../test/programs/simple/bitvectors/implicitunsignedconversion_false-unreach-label.i">test/programs/simple/bitvectors/implicitunsignedconversion_false-unreach-label.i</a></td>
<td>unreach-label</td>
<td>2015-03-03_1613</td>
<td class="wrong main_status link" title="Click here to show output of tool"><a href="../results/test.2015-03-03_1613.logfiles/predicateAnalysis.implicitunsignedconversion_false-unreach-label.i.log">true</a></td>
<td class="wrong measure">2.17</td>
<td class="wrong measure">2.18</td>
<td class="wrong count">128032768</td>
<td class="correct main_status link" title="Click here to show output of tool"><a href="../results/test.2015-03-03_1613.logfiles/valueAnalysis.implicitunsignedconversion_false-unreach-label.i.log">false(reach)</a></td>
<td class="correct measure">2.12</td>
<td class="correct measure">2.13</td>
<td class="correct count">133574656</td>
</tr>
<tr><td title="Click here to show source code"><a href="../../../../test/programs/simple/switch_test_default_fallthrough_false-unreach-label.c">test/programs/simple/switch_test_default_fallthrough_false-unreach-label.c</a></td>
<td>unreach-label</td>
<td>2015-03-03_1613</td>
<td class="correct main_status link" title="Click here to show output of tool"><a href="../results/test.2015-03-03_1613.logfiles/predicateAnalysis.switch_test_default_fallthrough_false-unreach-label.c.log">false(reach)</a></td>
<td class="correct measure">2.19</td>
<td class="correct measure">2.20</td>
<td class="correct count">129118208</td>
<td class="correct main_status link" title="Click here to show output of tool"><a href="../results/test.2015-03-03_1613.logfiles/valueAnalysis.switch_test_default_fallthrough_false-unreach-label.c.log">false(reach)</a></td>
<td class="correct measure">2.16</td>
<td class="correct measure">2.17</td>
<td class="correct count">131117056</td>
</tr>
<tr><td title="Click here to show source code"><a href="../../../../test/programs/simple/compoundLiteral_true-unreach-label.c">test/programs/simple/compoundLiteral_true-unreach-label.c</a></td>
<td>unreach-label</td>
<td>2015-03-03_1613</td>
<td class="correct main_status link" title="Click here to show output of tool"><a href="../results/test.2015-03-03_1613.logfiles/predicateAnalysis.compoundLiteral_true-unreach-label.c.log">true</a></td>
<td class="correct measure">2.23</td>
<td class="correct measure">2.24</td>
<td class="correct count">132337664</td>
<td class="unknown main_status link" title="Click here to show output of tool"><a href="../results/test.2015-03-03_1613.logfiles/valueAnalysis.compoundLiteral_true-unreach-label.c.log">unknown</a></td>
<td class="unknown measure">2.20</td>
<td class="unknown measure">2.21</td>
<td class="unknown count">130293760</td>
</tr>
<tr><td title="Click here to show source code"><a href="../../../../doc/examples/example.c">doc/examples/example.c</a></td>
<td></td>
<td>2015-03-03_1613</td>
<td class="missing main_status link" title="Click here to show output of tool"><a href="../results/test.2015-03-03_1613.logfiles/predicateAnalysis.example.c.log">true</a></td>
<td class="missing measure">2.27</td>
<td class="missing measure">2.28</td>
<td class="missing count">129470464</td>
<td class="missing main_status link" title="Click here to show output of tool"><a href="../results/test.2015-03-03_1613.logfiles/valueAnalysis.example.c.log">true</a></td>
<td class="missing measure">2.02</td>
<td class="missing measure">2.03</td>
<td class="missing count">126210048</td>
</tr>
<tr><td title="Click here to show source code"><a href="../../../../test/programs/simple/builtin_expect_true-unreach-label.c">test/programs/simple/builtin_expect_true-unreach-label.c</a></td>
<td>unreach-label</td>
<td>2015-03-03_1613</td>
<td class="correct main_status link" title="Click here to show output of tool"><a href="../results/test.2015-03-03_1613.logfiles/predicateAnalysis.builtin_expect_true-unreach-label.c.log">true</a></td>
<td class="correct measure">2.06</td>
<td class="correct measure">2.07</td>
<td class="correct count">126312448</td>
<td class="missing main_status">-</td>
<td class="missing measure novalue"></td>
<td class="missing measure novalue"></td>
<td class="missing count novalue"></td>
</tr>
<tr><td title="Click here to show source code"><a href="../../../../test/programs/simple/bitvectors/implicitunsignedconversion_false-unreach-label.i">test/programs/simple/bitvectors/implicitunsignedconversion_false-unreach-label.i</a></td>
<td>unreach-label</td>
<td>2015-03-03_1815</td>
<td class="wrong main_status link" title="Click here to show output of tool"><a href="../results/test.2015-03-03_1815.logfiles/predicateAnalysis.implicitunsignedconversion_false-unreach-label.i.log">true</a></td>
<td class="wrong measure">1.86</td>
<td class="wrong measure">1.87</td>
<td class="wrong count">130568192</td>
<td class="correct main_status link" title="Click here to show output of tool"><a href="../results/test.2015-03-03_1815.logfiles/valueAnalysis.implicitunsignedconversion_false-unreach-label.i.log">false(reach)</a></td>
<td class="correct measure">1.82</td>
<td class="correct measure">1.82</td>
<td class="correct count">131006464</td>
</tr>
<tr><td title="Click here to show source code"><a href="../../../../test/programs/simple/switch_test_default_fallthrough_false-unreach-label.c">test/programs/simple/switch_test_default_fallthrough_false-unreach-label.c</a></td>
<td>unreach-label</td>
<td>2015-03-03_1815</td>
<td class="correct main_status link" title="Click here to show output of tool"><a href="../results/test.2015-03-03_1815.logfiles/predicateAnalysis.switch_test_default_fallthrough_false-unreach-label.c.log">false(reach)</a></td>
<td class="correct measure">1.83</td>
<td class="correct measure">1.84</td>
<td class="correct count">129966080</td>
<td class="correct main_status link" title="Click here to show output of tool"><a href="../results/test.2015-03-03_1815.logfiles/valueAnalysis.switch_test_default_fallthrough_false-unreach-label.c.log">false(reach)</a></td>
<td class="correct measure">1.82</td>
<td class="correct measure">1.83</td>
<td class="correct count">131072000</td>
</tr>
<tr><td title="Click here to show source code"><a href="../../../../test/programs/simple/compoundLiteral_true-unreach-label.c">test/programs/simple/compoundLiteral_true-unreach-label.c</a></td>
<td>unreach-label</td>
<td>2015-03-03_1815</td>
<td class="correct main_status link" title="Click here to show output of tool"><a href="../results/test.2015-03-03_1815.logfiles/predicateAnalysis.compoundLiteral_true-unreach-label.c.log">true</a></td>
<td class="correct measure">1.95</td>
<td class="correct measure">1.96</td>
<td class="correct count">129806336</td>
<td class="unknown main_status link" title="Click here to show output of tool"><a href="../results/test.2015-03-03_1815.logfiles/valueAnalysis.compoundLiteral_true-unreach-label.c.log">unknown</a></td>
<td class="unknown measure">1.81</td>
<td class="unknown measure">1.82</td>
<td class="unknown count">130777088</td>
</tr>
<tr><td title="Click here to show source code"><a href="../../../../doc/examples/example.c">doc/examples/example.c</a></td>
<td></td>
<td>2015-03-03_1815</td>
<td class="missing main_status link" title="Click here to show output of tool"><a href="../results/test.2015-03-03_1815.logfiles/predicateAnalysis.example.c.log">true</a></td>
<td class="missing measure">1.90</td>
<td class="missing measure">1.91</td>
<td class="missing count">129441792</td>
<td class="missing main_status link" title="Click here to show output of tool"><a href="../results/test.2015-03-03_1815.logfiles/valueAnalysis.example.c.log">true</a></td>
<td class="missing measure">1.75</td>
<td class="missing measure">1.76</td>
<td class="missing count">122847232</td>
</tr>
<tr><td title="Click here to show source code"><a href="../../../../test/programs/simple/builtin_expect_true-unreach-label.c">test/programs/simple/builtin_expect_true-unreach-label.c</a></td>
<td>unreach-label</td>
<td>2015-03-03_1815</td>
<td class="correct main_status link" title="Click here to show output of tool"><a href="../results/test.2015-03-03_1815.logfiles/predicateAnalysis.builtin_expect_true-unreach-label.c.log">true</a></td>
<td class="correct measure">1.85</td>
<td class="correct measure">1.86</td>
<td class="correct count">128536576</td>
<td class="missing main_status">-</td>
<td class="missing measure novalue"></td>
<td class="missing measure novalue"></td>
<td class="missing count novalue"></td>
</tr>
</tbody>

<tfoot>
<tr class="columnTitles">
<td colspan="3"></td>
<td colspan="1">status</td>
<td colspan="1">cputime (s)</td>
<td colspan="1">walltime (s)</td>
<td colspan="1">memUsage</td>
<td colspan="1">status</td>
<td colspan="1">cputime (s)</td>
<td colspan="1">walltime (s)</td>
<td colspan="1">memUsage</td>
</tr>
<tr class="statistics">
<td colspan="3" title="in total 0 true tasks, 0 false tasks">total tasks</td>
<td class="main_status">10</td>
<td class="measure" title="Min: 1.83, Max: 2.27, Average: 2.03, Median: 2.00, StDev: 0.16">20.3&#x2007;</td>
<td class="measure" title="Min: 1.84, Max: 2.28, Average: 2.04, Median: 2.01, StDev: 0.16">20.4&#x2007;</td>
<td class="count" title="Min: 126312448, Max: 132337664, Average: 129359052.8, Median: 129456128, StDev: 1506560.7">1293590528</td>
<td class="main_status">8</td>
<td class="measure" title="Min: 1.75, Max: 2.20, Average: 1.96, Median: 1.92, StDev: 0.17">15.7&#x2007;</td>
<td class="measure" title="Min: 1.76, Max: 2.21, Average: 1.97, Median: 1.93, StDev: 0.17">15.8&#x2007;</td>
<td class="count" title="Min: 122847232, Max: 133574656, Average: 129612288.0, Median: 130891776, StDev: 3185936.98">1036898304</td>
</tr>
<tr class="statistics">
<td colspan="3" title="(property holds + result is true) OR (property does not hold + result is false)">&nbsp;&nbsp;&nbsp;&nbsp;correct results</td>
<td class="main_status">6</td>
<td class="measure" title="Min: 1.83, Max: 2.23, Average: 2.02, Median: 2.00, StDev: 0.15">12.1&#x2007;</td>
<td class="measure" title="Min: 1.84, Max: 2.24, Average: 2.03, Median: 2.01, StDev: 0.16">12.2&#x2007;</td>
<td class="count" title="Min: 126312448, Max: 132337664, Average: 129346218.67, Median: 129462272, StDev: 1800738.54">776077312</td>
<td class="main_status">4</td>
<td class="measure" title="Min: 1.82, Max: 2.16, Average: 1.98, Median: 1.97, StDev: 0.16">7.92</td>
<td class="measure" title="Min: 1.82, Max: 2.17, Average: 1.99, Median: 1.98, StDev: 0.16">7.95</td>
<td class="count" title="Min: 131006464, Max: 133574656, Average: 131692544.0, Median: 131094528, StDev: 1087349.14">526770176</td>
</tr>
<tr class="statistics">
<td colspan="3" title="property holds + result is true">&nbsp;&nbsp;&nbsp;&nbsp;&nbsp;&nbsp;&nbsp;&nbsp;correct true</td>
<td class="main_status">4</td>
<td class="measure" title="Min: 1.85, Max: 2.23, Average: 2.02, Median: 2.00, StDev: 0.14">8.09</td>
<td class="measure" title="Min: 1.86, Max: 2.24, Average: 2.03, Median: 2.01, StDev: 0.14">8.12</td>
<td class="count" title="Min: 126312448, Max: 132337664, Average: 129248256.0, Median: 129171456, StDev: 2178379.68">516993024</td>
<td class="main_status">0</td>
<td class="measure novalue"></td>
<td class="measure novalue"></td>
<td class="count novalue"></td>
</tr>
<tr class="statistics">
<td colspan="3" title="property does not hold + result is false">&nbsp;&nbsp;&nbsp;&nbsp;&nbsp;&nbsp;&nbsp;&nbsp;correct false</td>
<td class="main_status">2</td>
<td class="measure" title="Min: 1.83, Max: 2.19, Average: 2.01, Median: 2.01, StDev: 0.18">4.02</td>
<td class="measure" title="Min: 1.84, Max: 2.20, Average: 2.02, Median: 2.02, StDev: 0.18">4.03</td>
<td class="count" title="Min: 129118208, Max: 129966080, Average: 129542144.0, Median: 129542144, StDev: 423936.0">259084288</td>
<td class="main_status">4</td>
<td class="measure" title="Min: 1.82, Max: 2.16, Average: 1.98, Median: 1.97, StDev: 0.16">7.92</td>
<td class="measure" title="Min: 1.82, Max: 2.17, Average: 1.99, Median: 1.98, StDev: 0.16">7.95</td>
<td class="count" title="Min: 131006464, Max: 133574656, Average: 131692544.0, Median: 131094528, StDev: 1087349.14">526770176</td>
</tr>
<tr class="statistics">
<td colspan="3" title="(property holds + result is false) OR (property does not hold + result is true)">&nbsp;&nbsp;&nbsp;&nbsp;incorrect results</td>
<td class="main_status">2</td>
<td class="measure" title="Min: 1.86, Max: 2.17, Average: 2.01, Median: 2.01, StDev: 0.16">4.03</td>
<td class="measure" title="Min: 1.87, Max: 2.18, Average: 2.02, Median: 2.02, StDev: 0.16">4.04</td>
<td class="count" title="Min: 128032768, Max: 130568192, Average: 129300480.0, Median: 129300480, StDev: 1267712.0">258600960</td>
<td class="main_status">0</td>
<td class="measure novalue"></td>
<td class="measure novalue"></td>
<td class="count novalue"></td>
</tr>
<tr class="statistics">
<td colspan="3" title="property does not hold + result is true">&nbsp;&nbsp;&nbsp;&nbsp;&nbsp;&nbsp;&nbsp;&nbsp;incorrect true</td>
<td class="main_status">2</td>
<td class="measure" title="Min: 1.86, Max: 2.17, Average: 2.01, Median: 2.01, StDev: 0.16">4.03</td>
<td class="measure" title="Min: 1.87, Max: 2.18, Average: 2.02, Median: 2.02, StDev: 0.16">4.04</td>
<td class="count" title="Min: 128032768, Max: 130568192, Average: 129300480.0, Median: 129300480, StDev: 1267712.0">258600960</td>
<td class="main_status">0</td>
<td class="measure novalue"></td>
<td class="measure novalue"></td>
<td class="count novalue"></td>
</tr>
<tr class="statistics">
<td colspan="3" title="property holds + result is false">&nbsp;&nbsp;&nbsp;&nbsp;&nbsp;&nbsp;&nbsp;&nbsp;incorrect false</td>
<td class="main_status">0</td>
<td class="measure novalue"></td>
<td class="measure novalue"></td>
<td class="count novalue"></td>
<td class="main_status">0</td>
<td class="measure novalue"></td>
<td class="measure novalue"></td>
<td class="count novalue"></td>
</tr>
<tr class="statistics">
<td colspan="3" title="in total 0 true tasks, 0 false tasks">score (10 tasks, max score: 4)</td>
<td class="score main_status">-54</td>
<td class="score measure novalue"></td>
<td class="score measure novalue"></td>
<td class="score count novalue"></td>
<td class="score main_status">4</td>
<td class="score measure novalue"></td>
<td class="score measure novalue"></td>
<td class="score count novalue"></td>
</tr>
<tr class="run">
<td colspan="3">Run set</td>
<td colspan="4">predicateAnalysis</td>
<td colspan="4">valueAnalysis</td>
</tr>
</tfoot>
</table>