<table id="dataTable">
<thead>
  <tr id="tool" class="tool collapsable-header">
<td colspan="2">Tool</td>
<td colspan="4">CPAchecker 1.4-svn 15944M</td>
</tr>
  <tr id="limits" class="limits collapsable-header">
<td colspan="2">Limits</td>
<td colspan="4">timelimit: 10 s, memlimit: 3000 MB, CPU core limit: 1</td>
</tr>
  <tr id="host" class="host collapsable-header">
<td colspan="2">Host</td>
<td colspan="4">tortuga</td>
</tr>
  <tr id="os" class="os collapsable-header">
<td colspan="2">OS</td>
<td colspan="4">Linux 3.13.0-45-generic x86_64</td>
</tr>
  <tr id="system" class="system collapsable-header">
<td colspan="2">System</td>
<td colspan="4">CPU: Intel Core i7-2600 CPU @ 3.40GHz, cores: 8, frequency: 3401 MHz; RAM: 16389384 kB</td>
</tr>
  <tr id="date" class="date collapsable-header">
<td colspan="2">Date of execution</td>
<td colspan="4">2015-03-03 16:13:02 CET</td>
</tr>
  <tr id="run" class="run ">
<td colspan="2">Run set</td>
<td colspan="4">valueAnalysis</td>
</tr>
  <tr id="options" class="options collapsable-header">
<td colspan="2">Options</td>
<td colspan="4"><span style="display:block">-noout</span><span style="display:block"> -setprop log.consoleLevel=WARNING</span><span style="display:block"> -valueAnalysis</span></td>
</tr>
  <tr id="columnTitles" class="columnTitles ">
<td colspan="2"></td>
<td colspan="1">status</td>
<td colspan="1">cputime (s)</td>
<td colspan="1">walltime (s)</td>
<td colspan="1">memUsage</td>
</tr>
</thead>

<tbody>
<tr><td title="Click here to show source code"><a href="../../../../test/programs/simple/bitvectors/implicitunsignedconversion_false-unreach-label.i">test/programs/simple/bitvectors/implicitunsignedconversion_false-unreach-label.i</a></td>
<td>unreach-label</td>
<td class="correct main_status link" title="Click here to show output of tool"><a href="../results/test.2015-03-03_1613.logfiles/valueAnalysis.implicitunsignedconversion_false-unreach-label.i.log">false(reach)</a></td>
<td class="correct measure">2.12</td>
<td class="correct measure">2.13</td>
<td class="correct count">133574656</td>
</tr>
<tr><td title="Click here to show source code"><a href="../../../../test/programs/simple/switch_test_default_fallthrough_false-unreach-label.c">test/programs/simple/switch_test_default_fallthrough_false-unreach-label.c</a></td>
<td>unreach-label</td>
<td class="correct main_status link" title="Click here to show output of tool"><a href="../results/test.2015-03-03_1613.logfiles/valueAnalysis.switch_test_default_fallthrough_false-unreach-label.c.log">false(reach)</a></td>
<td class="correct measure">2.16</td>
<td class="correct measure">2.17</td>
<td class="correct count">131117056</td>
</tr>
<tr><td title="Click here to show source code"><a href="../../../../test/programs/simple/compoundLiteral_true-unreach-label.c">test/programs/simple/compoundLiteral_true-unreach-label.c</a></td>
<td>unreach-label</td>
<td class="unknown main_status link" title="Click here to show output of tool"><a href="../results/test.2015-03-03_1613.logfiles/valueAnalysis.compoundLiteral_true-unreach-label.c.log">unknown</a></td>
<td class="unknown measure">2.20</td>
<td class="unknown measure">2.21</td>
<td class="unknown count">130293760</td>
</tr>
<tr><td title="Click here to show source code"><a href="../../../../doc/examples/example.c">doc/examples/example.c</a></td>
<td></td>
<td class="missing main_status link" title="Click here to show output of tool"><a href="../results/test.2015-03-03_1613.logfiles/valueAnalysis.example.c.log">true</a></td>
<td class="missing measure">2.02</td>
<td class="missing measure">2.03</td>
<td class="missing count">126210048</td>
</tr>
</tbody>

<tfoot>
<tr class="columnTitles">
<td colspan="2"></td>
<td colspan="1">status</td>
<td colspan="1">cputime (s)</td>
<td colspan="1">walltime (s)</td>
<td colspan="1">memUsage</td>
</tr>
<tr class="statistics">
<td colspan="2" title="in total 0 true tasks, 0 false tasks">total tasks</td>
<td class="main_status">4</td>
<td class="measure" title="Min: 2.02, Max: 2.20, Average: 2.12, Median: 2.14, StDev: 0.07">8.50</td>
<td class="measure" title="Min: 2.03, Max: 2.21, Average: 2.13, Median: 2.15, StDev: 0.07">8.54</td>
<td class="count" title="Min: 126210048, Max: 133574656, Average: 130298880.0, Median: 130705408, StDev: 2651353.13">521195520</td>
</tr>
<tr class="statistics">
<td colspan="2" title="(property holds + result is true) OR (property does not hold + result is false)">&nbsp;&nbsp;&nbsp;&nbsp;correct results</td>
<td class="main_status">2</td>
<td class="measure" title="Min: 2.12, Max: 2.16, Average: 2.14, Median: 2.14, StDev: 0.02">4.28</td>
<td class="measure" title="Min: 2.13, Max: 2.17, Average: 2.15, Median: 2.15, StDev: 0.02">4.30</td>
<td class="count" title="Min: 131117056, Max: 133574656, Average: 132345856.0, Median: 132345856, StDev: 1228800.0">264691712</td>
</tr>
<tr class="statistics">
<td colspan="2" title="property holds + result is true">&nbsp;&nbsp;&nbsp;&nbsp;&nbsp;&nbsp;&nbsp;&nbsp;correct true</td>
<td class="main_status">0</td>
<td class="measure novalue"></td>
<td class="measure novalue"></td>
<td class="count novalue"></td>
</tr>
<tr class="statistics">
<td colspan="2" title="property does not hold + result is false">&nbsp;&nbsp;&nbsp;&nbsp;&nbsp;&nbsp;&nbsp;&nbsp;correct false</td>
<td class="main_status">2</td>
<td class="measure" title="Min: 2.12, Max: 2.16, Average: 2.14, Median: 2.14, StDev: 0.02">4.28</td>
<td class="measure" title="Min: 2.13, Max: 2.17, Average: 2.15, Median: 2.15, StDev: 0.02">4.30</td>
<td class="count" title="Min: 131117056, Max: 133574656, Average: 132345856.0, Median: 132345856, StDev: 1228800.0">264691712</td>
</tr>
<tr class="statistics">
<td colspan="2" title="(property holds + result is false) OR (property does not hold + result is true)">&nbsp;&nbsp;&nbsp;&nbsp;incorrect results</td>
<td class="main_status">0</td>
<td class="measure novalue"></td>
<td class="measure novalue"></td>
<td class="count novalue"></td>
</tr>
<tr class="statistics">
<td colspan="2" title="property does not hold + result is true">&nbsp;&nbsp;&nbsp;&nbsp;&nbsp;&nbsp;&nbsp;&nbsp;incorrect true</td>
<td class="main_status">0</td>
<td class="measure novalue"></td>
<td class="measure novalue"></td>
<td class="count novalue"></td>
</tr>
<tr class="statistics">
<td colspan="2" title="property holds + result is false">&nbsp;&nbsp;&nbsp;&nbsp;&nbsp;&nbsp;&nbsp;&nbsp;incorrect false</td>
<td class="main_status">0</td>
<td class="measure novalue"></td>
<td class="measure novalue"></td>
<td class="count novalue"></td>
</tr>
<tr class="statistics">
<td colspan="2" title="in total 0 true tasks, 0 false tasks">score (4 tasks, max score: 4)</td>
<td class="score main_status">2</td>
<td class="score measure novalue"></td>
<td class="score measure novalue"></td>
<td class="score count novalue"></td>
</tr>
<tr class="run">
<td colspan="2">Run set</td>
<td colspan="4">valueAnalysis</td>
</tr>
</tfoot>
</table>